Archive member included to satisfy reference by file (symbol)

c:/program files (x86)/gnu tools arm embedded/5.4 2016q2/bin/../lib/gcc/arm-none-eabi/5.4.1/armv6-m\libgcc.a(_udivsi3.o)
                              ..\obj\stm32f0xx_rcc.o (__aeabi_uidiv)
c:/program files (x86)/gnu tools arm embedded/5.4 2016q2/bin/../lib/gcc/arm-none-eabi/5.4.1/armv6-m\libgcc.a(_dvmd_tls.o)
                              c:/program files (x86)/gnu tools arm embedded/5.4 2016q2/bin/../lib/gcc/arm-none-eabi/5.4.1/armv6-m\libgcc.a(_udivsi3.o) (__aeabi_idiv0)
c:/program files (x86)/gnu tools arm embedded/5.4 2016q2/bin/../lib/gcc/arm-none-eabi/5.4.1/../../../../arm-none-eabi/lib/armv6-m\libg.a(lib_a-memcpy-stub.o)
                              ..\obj\NRF24L01.o (memcpy)
c:/program files (x86)/gnu tools arm embedded/5.4 2016q2/bin/../lib/gcc/arm-none-eabi/5.4.1/../../../../arm-none-eabi/lib/armv6-m\libg.a(lib_a-memset.o)
                              ..\obj\Debug.o (memset)
c:/program files (x86)/gnu tools arm embedded/5.4 2016q2/bin/../lib/gcc/arm-none-eabi/5.4.1/../../../../arm-none-eabi/lib/armv6-m\libg.a(lib_a-sprintf.o)
                              ..\obj\Debug.o (sprintf)
c:/program files (x86)/gnu tools arm embedded/5.4 2016q2/bin/../lib/gcc/arm-none-eabi/5.4.1/../../../../arm-none-eabi/lib/armv6-m\libg.a(lib_a-strcat.o)
                              ..\obj\NRF24L01.o (strcat)
c:/program files (x86)/gnu tools arm embedded/5.4 2016q2/bin/../lib/gcc/arm-none-eabi/5.4.1/../../../../arm-none-eabi/lib/armv6-m\libg.a(lib_a-strcpy.o)
                              c:/program files (x86)/gnu tools arm embedded/5.4 2016q2/bin/../lib/gcc/arm-none-eabi/5.4.1/../../../../arm-none-eabi/lib/armv6-m\libg.a(lib_a-strcat.o) (strcpy)
c:/program files (x86)/gnu tools arm embedded/5.4 2016q2/bin/../lib/gcc/arm-none-eabi/5.4.1/../../../../arm-none-eabi/lib/armv6-m\libg.a(lib_a-strlen-stub.o)
                              ..\obj\Debug.o (strlen)
c:/program files (x86)/gnu tools arm embedded/5.4 2016q2/bin/../lib/gcc/arm-none-eabi/5.4.1/../../../../arm-none-eabi/lib/armv6-m\libg.a(lib_a-svfprintf.o)
                              c:/program files (x86)/gnu tools arm embedded/5.4 2016q2/bin/../lib/gcc/arm-none-eabi/5.4.1/../../../../arm-none-eabi/lib/armv6-m\libg.a(lib_a-sprintf.o) (_svfprintf_r)
c:/program files (x86)/gnu tools arm embedded/5.4 2016q2/bin/../lib/gcc/arm-none-eabi/5.4.1/../../../../arm-none-eabi/lib/armv6-m\libg.a(lib_a-dtoa.o)
                              c:/program files (x86)/gnu tools arm embedded/5.4 2016q2/bin/../lib/gcc/arm-none-eabi/5.4.1/../../../../arm-none-eabi/lib/armv6-m\libg.a(lib_a-svfprintf.o) (_dtoa_r)
c:/program files (x86)/gnu tools arm embedded/5.4 2016q2/bin/../lib/gcc/arm-none-eabi/5.4.1/../../../../arm-none-eabi/lib/armv6-m\libg.a(lib_a-impure.o)
                              c:/program files (x86)/gnu tools arm embedded/5.4 2016q2/bin/../lib/gcc/arm-none-eabi/5.4.1/../../../../arm-none-eabi/lib/armv6-m\libg.a(lib_a-sprintf.o) (_impure_ptr)
c:/program files (x86)/gnu tools arm embedded/5.4 2016q2/bin/../lib/gcc/arm-none-eabi/5.4.1/../../../../arm-none-eabi/lib/armv6-m\libg.a(lib_a-locale.o)
                              c:/program files (x86)/gnu tools arm embedded/5.4 2016q2/bin/../lib/gcc/arm-none-eabi/5.4.1/../../../../arm-none-eabi/lib/armv6-m\libg.a(lib_a-svfprintf.o) (_localeconv_r)
c:/program files (x86)/gnu tools arm embedded/5.4 2016q2/bin/../lib/gcc/arm-none-eabi/5.4.1/../../../../arm-none-eabi/lib/armv6-m\libg.a(lib_a-mallocr.o)
                              c:/program files (x86)/gnu tools arm embedded/5.4 2016q2/bin/../lib/gcc/arm-none-eabi/5.4.1/../../../../arm-none-eabi/lib/armv6-m\libg.a(lib_a-svfprintf.o) (_malloc_r)
c:/program files (x86)/gnu tools arm embedded/5.4 2016q2/bin/../lib/gcc/arm-none-eabi/5.4.1/../../../../arm-none-eabi/lib/armv6-m\libg.a(lib_a-memchr-stub.o)
                              c:/program files (x86)/gnu tools arm embedded/5.4 2016q2/bin/../lib/gcc/arm-none-eabi/5.4.1/../../../../arm-none-eabi/lib/armv6-m\libg.a(lib_a-svfprintf.o) (memchr)
c:/program files (x86)/gnu tools arm embedded/5.4 2016q2/bin/../lib/gcc/arm-none-eabi/5.4.1/../../../../arm-none-eabi/lib/armv6-m\libg.a(lib_a-mlock.o)
                              c:/program files (x86)/gnu tools arm embedded/5.4 2016q2/bin/../lib/gcc/arm-none-eabi/5.4.1/../../../../arm-none-eabi/lib/armv6-m\libg.a(lib_a-mallocr.o) (__malloc_lock)
c:/program files (x86)/gnu tools arm embedded/5.4 2016q2/bin/../lib/gcc/arm-none-eabi/5.4.1/../../../../arm-none-eabi/lib/armv6-m\libg.a(lib_a-mprec.o)
                              c:/program files (x86)/gnu tools arm embedded/5.4 2016q2/bin/../lib/gcc/arm-none-eabi/5.4.1/../../../../arm-none-eabi/lib/armv6-m\libg.a(lib_a-dtoa.o) (_Balloc)
c:/program files (x86)/gnu tools arm embedded/5.4 2016q2/bin/../lib/gcc/arm-none-eabi/5.4.1/../../../../arm-none-eabi/lib/armv6-m\libg.a(lib_a-sbrkr.o)
[...]
Memory Configuration

Name             Origin             Length             Attributes
rom              0x08000000         0x00020000         xr
ram              0x20000000         0x00004000         xrw
*default*        0x00000000         0xffffffff

Linker script and memory map

                0x20004000                _eram = 0x20004000

.text           0x08000000     0x7c7c
 *(.isr_vector)
 .isr_vector    0x08000000       0xc4 ..\obj\startup_stm32f0xx.o
                0x08000000                g_pfnVectors
 *(.text*)
 .text.RCC_GetClocksFreq
                0x080000c4      0x264 ..\obj\stm32f0xx_rcc.o
                0x080000c4                RCC_GetClocksFreq
 .text.RCC_AHBPeriphClockCmd
                0x08000328       0x40 ..\obj\stm32f0xx_rcc.o
                0x08000328                RCC_AHBPeriphClockCmd
 .text.RCC_APB2PeriphClockCmd
                0x08000368       0x40 ..\obj\stm32f0xx_rcc.o
                0x08000368                RCC_APB2PeriphClockCmd
 .text.RCC_APB1PeriphClockCmd
                0x080003a8       0x40 ..\obj\stm32f0xx_rcc.o
                0x080003a8                RCC_APB1PeriphClockCmd
 .text.debugInit
                0x080003e8       0xd4 ..\obj\Debug.o
                0x080003e8                debugInit
 .text.debugSend
                0x080004bc       0x74 ..\obj\Debug.o
                0x080004bc                debugSend
 .text.USART1_IRQHandler
                0x08000530       0x48 ..\obj\Debug.o
                0x08000530                USART1_IRQHandler
 .text.Initial_SPI
                0x08000578      0x124 ..\obj\NRF24L01.o
 .text.SPI_Send_byte
                0x0800069c       0x4c ..\obj\NRF24L01.o
 .text.SPI_Receive_byte
                0x080006e8       0x50 ..\obj\NRF24L01.o
 .text.delay1us
                0x08000738       0x28 ..\obj\NRF24L01.o
 .text.SPI_RW_Reg
                0x08000760       0x60 ..\obj\NRF24L01.o
                0x08000760                SPI_RW_Reg
 .text.SPI_Read_Reg
                0x080007c0       0x58 ..\obj\NRF24L01.o
                0x080007c0                SPI_Read_Reg
 .text.SPI_Read_Buf
                0x08000818       0x94 ..\obj\NRF24L01.o
                0x08000818                SPI_Read_Buf
 .text.SPI_Write_Buf
                0x080008ac       0x94 ..\obj\NRF24L01.o
                0x080008ac                SPI_Write_Buf
 .text.RX_Mode  0x08000940       0x64 ..\obj\NRF24L01.o
                0x08000940                RX_Mode
 .text.nRF24L01_Initial
                0x080009a4       0x74 ..\obj\NRF24L01.o
                0x080009a4                nRF24L01_Initial
 .text.NRF24L01_Receive
                0x08000a18      0x100 ..\obj\NRF24L01.o
                0x08000a18                NRF24L01_Receive
 .text.NVIC_SetPriority
                0x08000b18       0xdc ..\obj\main.o
 .text.SysTick_Config
                0x08000bf4       0x4c ..\obj\main.o
 .text.main     0x08000c40       0x6c ..\obj\main.o
                0x08000c40                main
 .text.Delay    0x08000cac       0x24 ..\obj\main.o
                0x08000cac                Delay
 .text.TimingDelay_Decrement
                0x08000cd0       0x20 ..\obj\main.o
                0x08000cd0                TimingDelay_Decrement
 .text.Reset_Handler
                0x08000cf0       0x44 ..\obj\startup_stm32f0xx.o
                0x08000cf0                Reset_Handler
 .text.Default_Handler
                0x08000d34        0x2 ..\obj\startup_stm32f0xx.o
                0x08000d34                PVD_VDDUSB_LP_IRQHandler
                0x08000d34                TIM1_CC_IRQHandler
                0x08000d34                ADC1_COMP_IRQHandler
                0x08000d34                I2C1_IRQHandler
                0x08000d34                RCC_CRS_IRQHandler
                0x08000d34                SPI1_IRQHandler
                0x08000d34                TIM6_DAC_IRQHandler
                0x08000d34                USART3_4_IRQHandler
                0x08000d34                EXTI2_3_IRQHandler
                0x08000d34                I2C2_IRQHandler
                0x08000d34                TIM17_IRQHandler
                0x08000d34                CEC_CAN_IRQHandler
                0x08000d34                RTC_IRQHandler
                0x08000d34                DMA1_Channel4_5_6_7_IRQHandler
                0x08000d34                TIM16_IRQHandler
                0x08000d34                TIM3_IRQHandler
                0x08000d34                EXTI4_15_IRQHandler
                0x08000d34                DMA1_Channel1_IRQHandler
                0x08000d34                Default_Handler
                0x08000d34                TIM14_IRQHandler
                0x08000d34                TIM7_IRQHandler
                0x08000d34                TIM15_IRQHandler
                0x08000d34                EXTI0_1_IRQHandler
                0x08000d34                SPI2_IRQHandler
                0x08000d34                USB_LP_IRQHandler
                0x08000d34                TS_IRQHandler
                0x08000d34                WWDG_IRQHandler
                0x08000d34                TIM2_IRQHandler
                0x08000d34                DMA1_Channel2_3_IRQHandler
                0x08000d34                USART2_IRQHandler
                0x08000d34                FLASH_IRQHandler
                0x08000d34                TIM1_BRK_UP_TRG_COM_IRQHandler
 *fill*         0x08000d36        0x2 
 .text.SPI_Init
                0x08000d38      0x108 ..\obj\stm32f0xx_spi.o
                0x08000d38                SPI_Init
 .text.SPI_Cmd  0x08000e40       0x40 ..\obj\stm32f0xx_spi.o
                0x08000e40                SPI_Cmd
 .text.SPI_RxFIFOThresholdConfig
                0x08000e80       0x3c ..\obj\stm32f0xx_spi.o
                0x08000e80                SPI_RxFIFOThresholdConfig
 .text.SPI_SendData8
                0x08000ebc       0x2c ..\obj\stm32f0xx_spi.o
                0x08000ebc                SPI_SendData8
 .text.SPI_ReceiveData8
                0x08000ee8       0x24 ..\obj\stm32f0xx_spi.o
                0x08000ee8                SPI_ReceiveData8
 .text.SPI_I2S_GetFlagStatus
                0x08000f0c       0x48 ..\obj\stm32f0xx_spi.o
                0x08000f0c                SPI_I2S_GetFlagStatus
 .text.GPIO_Init
                0x08000f54      0x130 ..\obj\stm32f0xx_gpio.o
                0x08000f54                GPIO_Init
 .text.GPIO_SetBits
                0x08001084       0x20 ..\obj\stm32f0xx_gpio.o
                0x08001084                GPIO_SetBits
 .text.GPIO_ResetBits
                0x080010a4       0x20 ..\obj\stm32f0xx_gpio.o
                0x080010a4                GPIO_ResetBits
 .text.GPIO_PinAFConfig
                0x080010c4       0xa4 ..\obj\stm32f0xx_gpio.o
                0x080010c4                GPIO_PinAFConfig
 .text._sbrk    0x08001168       0x3c ..\obj\syscalls.o
                0x08001168                _sbrk
 .text.USART_Init
                0x080011a4      0x174 ..\obj\stm32f0xx_usart.o
                0x080011a4                USART_Init
 .text.USART_Cmd
                0x08001318       0x3c ..\obj\stm32f0xx_usart.o
                0x08001318                USART_Cmd
 .text.USART_SendData
                0x08001354       0x24 ..\obj\stm32f0xx_usart.o
                0x08001354                USART_SendData
 .text.USART_ReceiveData
                0x08001378       0x1c ..\obj\stm32f0xx_usart.o
                0x08001378                USART_ReceiveData
 .text.USART_ITConfig
                0x08001394       0x88 ..\obj\stm32f0xx_usart.o
                0x08001394                USART_ITConfig
 .text.USART_GetFlagStatus
                0x0800141c       0x3c ..\obj\stm32f0xx_usart.o
                0x0800141c                USART_GetFlagStatus
 .text.USART_GetITStatus
                0x08001458       0xb0 ..\obj\stm32f0xx_usart.o
                0x08001458                USART_GetITStatus
 .text.SystemInit
                0x08001508       0x8c ..\obj\system_stm32f0xx.o
                0x08001508                SystemInit
 .text.SetSysClock
                0x08001594       0x88 ..\obj\system_stm32f0xx.o
 .text.NMI_Handler
                0x0800161c        0xc ..\obj\stm32f0xx_it.o
                0x0800161c                NMI_Handler
 .text.HardFault_Handler
                0x08001628        0x8 ..\obj\stm32f0xx_it.o
                0x08001628                HardFault_Handler
 .text.SVC_Handler
                0x08001630        0xc ..\obj\stm32f0xx_it.o
                0x08001630                SVC_Handler
 .text.PendSV_Handler
                0x0800163c        0xc ..\obj\stm32f0xx_it.o
                0x0800163c                PendSV_Handler
 .text.SysTick_Handler
                0x08001648       0x10 ..\obj\stm32f0xx_it.o
                0x08001648                SysTick_Handler
 .text.NVIC_Init
                0x08001658       0xac ..\obj\stm32f0xx_misc.o
                0x08001658                NVIC_Init
 .text          0x08001704      0x114 c:/program files (x86)/gnu tools arm embedded/5.4 2016q2/bin/../lib/gcc/arm-none-eabi/5.4.1/armv6-m\libgcc.a(_udivsi3.o)
                0x08001704                __aeabi_uidiv
                0x08001704                __udivsi3
                0x08001810                __aeabi_uidivmod
 .text          0x08001818        0x4 c:/program files (x86)/gnu tools arm embedded/5.4 2016q2/bin/../lib/gcc/arm-none-eabi/5.4.1/armv6-m\libgcc.a(_dvmd_tls.o)
                0x08001818                __aeabi_idiv0
                0x08001818                __aeabi_ldiv0
 .text.memcpy   0x0800181c       0x7c c:/program files (x86)/gnu tools arm embedded/5.4 2016q2/bin/../lib/gcc/arm-none-eabi/5.4.1/../../../../arm-none-eabi/lib/armv6-m\libg.a(lib_a-memcpy-stub.o)
                0x0800181c                memcpy
 .text.memset   0x08001898       0x8c c:/program files (x86)/gnu tools arm embedded/5.4 2016q2/bin/../lib/gcc/arm-none-eabi/5.4.1/../../../../arm-none-eabi/lib/armv6-m\libg.a(lib_a-memset.o)
                0x08001898                memset
 .text.sprintf  0x08001924       0x44 c:/program files (x86)/gnu tools arm embedded/5.4 2016q2/bin/../lib/gcc/arm-none-eabi/5.4.1/../../../../arm-none-eabi/lib/armv6-m\libg.a(lib_a-sprintf.o)
                0x08001924                sprintf
 .text.strcat   0x08001968       0x50 c:/program files (x86)/gnu tools arm embedded/5.4 2016q2/bin/../lib/gcc/arm-none-eabi/5.4.1/../../../../arm-none-eabi/lib/armv6-m\libg.a(lib_a-strcat.o)
                0x08001968                strcat
 .text.strcpy   0x080019b8       0x10 c:/program files (x86)/gnu tools arm embedded/5.4 2016q2/bin/../lib/gcc/arm-none-eabi/5.4.1/../../../../arm-none-eabi/lib/armv6-m\libg.a(lib_a-strcpy.o)
                0x080019b8                strcpy
 .text.strlen   0x080019c8       0x68 c:/program files (x86)/gnu tools arm embedded/5.4 2016q2/bin/../lib/gcc/arm-none-eabi/5.4.1/../../../../arm-none-eabi/lib/armv6-m\libg.a(lib_a-strlen-stub.o)
                0x080019c8                strlen
 .text._svfprintf_r
                0x08001a30     0x1820 c:/program files (x86)/gnu tools arm embedded/5.4 2016q2/bin/../lib/gcc/arm-none-eabi/5.4.1/../../../../arm-none-eabi/lib/armv6-m\libg.a(lib_a-svfprintf.o)
                0x08001a30                _svfprintf_r
 .text.quorem   0x08003250      0x150 c:/program files (x86)/gnu tools arm embedded/5.4 2016q2/bin/../lib/gcc/arm-none-eabi/5.4.1/../../../../arm-none-eabi/lib/armv6-m\libg.a(lib_a-dtoa.o)
 .text._dtoa_r  0x080033a0      0xf54 c:/program files (x86)/gnu tools arm embedded/5.4 2016q2/bin/../lib/gcc/arm-none-eabi/5.4.1/../../../../arm-none-eabi/lib/armv6-m\libg.a(lib_a-dtoa.o)
                0x080033a0                _dtoa_r
 .text._localeconv_r
                0x080042f4        0x8 c:/program files (x86)/gnu tools arm embedded/5.4 2016q2/bin/../lib/gcc/arm-none-eabi/5.4.1/../../../../arm-none-eabi/lib/armv6-m\libg.a(lib_a-locale.o)
                0x080042f4                _localeconv_r
 .text._malloc_r
                0x080042fc      0x554 c:/program files (x86)/gnu tools arm embedded/5.4 2016q2/bin/../lib/gcc/arm-none-eabi/5.4.1/../../../../arm-none-eabi/lib/armv6-m\libg.a(lib_a-mallocr.o)
                0x080042fc                _malloc_r
 .text.memchr   0x08004850       0x90 c:/program files (x86)/gnu tools arm embedded/5.4 2016q2/bin/../lib/gcc/arm-none-eabi/5.4.1/../../../../arm-none-eabi/lib/armv6-m\libg.a(lib_a-memchr-stub.o)
                0x08004850                memchr
 .text.__malloc_lock
                0x080048e0        0x4 c:/program files (x86)/gnu tools arm embedded/5.4 2016q2/bin/../lib/gcc/arm-none-eabi/5.4.1/../../../../arm-none-eabi/lib/armv6-m\libg.a(lib_a-mlock.o)
                0x080048e0                __malloc_lock
 .text.__malloc_unlock
                0x080048e4        0x4 c:/program files (x86)/gnu tools arm embedded/5.4 2016q2/bin/../lib/gcc/arm-none-eabi/5.4.1/../../../../arm-none-eabi/lib/armv6-m\libg.a(lib_a-mlock.o)
                0x080048e4                __malloc_unlock
 .text._Balloc  0x080048e8       0x50 c:/program files (x86)/gnu tools arm embedded/5.4 2016q2/bin/../lib/gcc/arm-none-eabi/5.4.1/../../../../arm-none-eabi/lib/armv6-m\libg.a(lib_a-mprec.o)
                0x080048e8                _Balloc
 .text._Bfree   0x08004938       0x14 c:/program files (x86)/gnu tools arm embedded/5.4 2016q2/bin/../lib/gcc/arm-none-eabi/5.4.1/../../../../arm-none-eabi/lib/armv6-m\libg.a(lib_a-mprec.o)
                0x08004938                _Bfree
 .text.__multadd
                0x0800494c       0x8c c:/program files (x86)/gnu tools arm embedded/5.4 2016q2/bin/../lib/gcc/arm-none-eabi/5.4.1/../../../../arm-none-eabi/lib/armv6-m\libg.a(lib_a-mprec.o)
                0x0800494c                __multadd
 .text.__hi0bits
                0x080049d8       0x3c c:/program files (x86)/gnu tools arm embedded/5.4 2016q2/bin/../lib/gcc/arm-none-eabi/5.4.1/../../../../arm-none-eabi/lib/armv6-m\libg.a(lib_a-mprec.o)
                0x080049d8                __hi0bits
 .text.__lo0bits
                0x08004a14       0x5c c:/program files (x86)/gnu tools arm embedded/5.4 2016q2/bin/../lib/gcc/arm-none-eabi/5.4.1/../../../../arm-none-eabi/lib/armv6-m\libg.a(lib_a-mprec.o)
                0x08004a14                __lo0bits
 .text.__i2b    0x08004a70       0x14 c:/program files (x86)/gnu tools arm embedded/5.4 2016q2/bin/../lib/gcc/arm-none-eabi/5.4.1/../../../../arm-none-eabi/lib/armv6-m\libg.a(lib_a-mprec.o)
                0x08004a70                __i2b
 .text.__multiply
                0x08004a84      0x15c c:/program files (x86)/gnu tools arm embedded/5.4 2016q2/bin/../lib/gcc/arm-none-eabi/5.4.1/../../../../arm-none-eabi/lib/armv6-m\libg.a(lib_a-mprec.o)
                0x08004a84                __multiply
 .text.__pow5mult
                0x08004be0       0xbc c:/program files (x86)/gnu tools arm embedded/5.4 2016q2/bin/../lib/gcc/arm-none-eabi/5.4.1/../../../../arm-none-eabi/lib/armv6-m\libg.a(lib_a-mprec.o)
                0x08004be0                __pow5mult
 .text.__lshift
                0x08004c9c       0xc0 c:/program files (x86)/gnu tools arm embedded/5.4 2016q2/bin/../lib/gcc/arm-none-eabi/5.4.1/../../../../arm-none-eabi/lib/armv6-m\libg.a(lib_a-mprec.o)
                0x08004c9c                __lshift
 .text.__mcmp   0x08004d5c       0x3c c:/program files (x86)/gnu tools arm embedded/5.4 2016q2/bin/../lib/gcc/arm-none-eabi/5.4.1/../../../../arm-none-eabi/lib/armv6-m\libg.a(lib_a-mprec.o)
                0x08004d5c                __mcmp
 .text.__mdiff  0x08004d98      0x11c c:/program files (x86)/gnu tools arm embedded/5.4 2016q2/bin/../lib/gcc/arm-none-eabi/5.4.1/../../../../arm-none-eabi/lib/armv6-m\libg.a(lib_a-mprec.o)
                0x08004d98                __mdiff
 .text.__d2b    0x08004eb4       0xbc c:/program files (x86)/gnu tools arm embedded/5.4 2016q2/bin/../lib/gcc/arm-none-eabi/5.4.1/../../../../arm-none-eabi/lib/armv6-m\libg.a(lib_a-mprec.o)
                0x08004eb4                __d2b
 .text._sbrk_r  0x08004f70       0x24 c:/program files (x86)/gnu tools arm embedded/5.4 2016q2/bin/../lib/gcc/arm-none-eabi/5.4.1/../../../../arm-none-eabi/lib/armv6-m\libg.a(lib_a-sbrkr.o)
                0x08004f70                _sbrk_r
 .text.__ssprint_r
                0x08004f94      0x130 c:/program files (x86)/gnu tools arm embedded/5.4 2016q2/bin/../lib/gcc/arm-none-eabi/5.4.1/../../../../arm-none-eabi/lib/armv6-m\libg.a(lib_a-svfiprintf.o)
                0x08004f94                __ssprint_r
 .text._calloc_r
                0x080050c4       0x60 c:/program files (x86)/gnu tools arm embedded/5.4 2016q2/bin/../lib/gcc/arm-none-eabi/5.4.1/../../../../arm-none-eabi/lib/armv6-m\libg.a(lib_a-callocr.o)
                0x080050c4                _calloc_r
 .text._malloc_trim_r
                0x08005124       0xa0 c:/program files (x86)/gnu tools arm embedded/5.4 2016q2/bin/../lib/gcc/arm-none-eabi/5.4.1/../../../../arm-none-eabi/lib/armv6-m\libg.a(lib_a-freer.o)
                0x08005124                _malloc_trim_r
 .text._free_r  0x080051c4      0x1c4 c:/program files (x86)/gnu tools arm embedded/5.4 2016q2/bin/../lib/gcc/arm-none-eabi/5.4.1/../../../../arm-none-eabi/lib/armv6-m\libg.a(lib_a-freer.o)
                0x080051c4                _free_r
 .text.memmove  0x08005388       0x98 c:/program files (x86)/gnu tools arm embedded/5.4 2016q2/bin/../lib/gcc/arm-none-eabi/5.4.1/../../../../arm-none-eabi/lib/armv6-m\libg.a(lib_a-memmove.o)
                0x08005388                memmove
 .text._realloc_r
                0x08005420      0x3dc c:/program files (x86)/gnu tools arm embedded/5.4 2016q2/bin/../lib/gcc/arm-none-eabi/5.4.1/../../../../arm-none-eabi/lib/armv6-m\libg.a(lib_a-reallocr.o)
                0x08005420                _realloc_r
 .text          0x080057fc      0x1d4 c:/program files (x86)/gnu tools arm embedded/5.4 2016q2/bin/../lib/gcc/arm-none-eabi/5.4.1/armv6-m\libgcc.a(_divsi3.o)
                0x080057fc                __divsi3
                0x080057fc                __aeabi_idiv
                0x080059c8                __aeabi_idivmod
 .text          0x080059d0       0x7c c:/program files (x86)/gnu tools arm embedded/5.4 2016q2/bin/../lib/gcc/arm-none-eabi/5.4.1/armv6-m\libgcc.a(_arm_cmpdf2.o)
                0x080059d0                __aeabi_cdrcmple
                0x080059e0                __aeabi_cdcmple
                0x080059e0                __aeabi_cdcmpeq
                0x080059f0                __aeabi_dcmpeq
                0x080059fc                __aeabi_dcmplt
                0x08005a10                __aeabi_dcmple
                0x08005a24                __aeabi_dcmpgt
                0x08005a38                __aeabi_dcmpge
 .text          0x08005a4c       0x40 c:/program files (x86)/gnu tools arm embedded/5.4 2016q2/bin/../lib/gcc/arm-none-eabi/5.4.1/armv6-m\libgcc.a(_aeabi_uldivmod.o)
                0x08005a4c                __aeabi_uldivmod
 .text          0x08005a8c      0x180 c:/program files (x86)/gnu tools arm embedded/5.4 2016q2/bin/../lib/gcc/arm-none-eabi/5.4.1/armv6-m\libgcc.a(_udivmoddi4.o)
                0x08005a8c                __udivmoddi4
 .text          0x08005c0c      0x658 c:/program files (x86)/gnu tools arm embedded/5.4 2016q2/bin/../lib/gcc/arm-none-eabi/5.4.1/armv6-m\libgcc.a(adddf3.o)
                0x08005c0c                __aeabi_dadd
 .text          0x08006264      0x62c c:/program files (x86)/gnu tools arm embedded/5.4 2016q2/bin/../lib/gcc/arm-none-eabi/5.4.1/armv6-m\libgcc.a(divdf3.o)
                0x08006264                __aeabi_ddiv
 .text          0x08006890       0x80 c:/program files (x86)/gnu tools arm embedded/5.4 2016q2/bin/../lib/gcc/arm-none-eabi/5.4.1/armv6-m\libgcc.a(eqdf2.o)
                0x08006890                __nedf2
                0x08006890                __eqdf2
 .text          0x08006910       0xc8 c:/program files (x86)/gnu tools arm embedded/5.4 2016q2/bin/../lib/gcc/arm-none-eabi/5.4.1/armv6-m\libgcc.a(gedf2.o)
                0x08006910                __gedf2
                0x08006910                __gtdf2
 .text          0x080069d8       0xd4 c:/program files (x86)/gnu tools arm embedded/5.4 2016q2/bin/../lib/gcc/arm-none-eabi/5.4.1/armv6-m\libgcc.a(ledf2.o)
                0x080069d8                __ledf2
                0x080069d8                __ltdf2
 .text          0x08006aac      0x4f4 c:/program files (x86)/gnu tools arm embedded/5.4 2016q2/bin/../lib/gcc/arm-none-eabi/5.4.1/armv6-m\libgcc.a(muldf3.o)
                0x08006aac                __aeabi_dmul
 .text          0x08006fa0      0x6a8 c:/program files (x86)/gnu tools arm embedded/5.4 2016q2/bin/../lib/gcc/arm-none-eabi/5.4.1/armv6-m\libgcc.a(subdf3.o)
                0x08006fa0                __aeabi_dsub
 .text          0x08007648       0x40 c:/program files (x86)/gnu tools arm embedded/5.4 2016q2/bin/../lib/gcc/arm-none-eabi/5.4.1/armv6-m\libgcc.a(unorddf2.o)
                0x08007648                __aeabi_dcmpun
 .text          0x08007688       0x6c c:/program files (x86)/gnu tools arm embedded/5.4 2016q2/bin/../lib/gcc/arm-none-eabi/5.4.1/armv6-m\libgcc.a(fixdfsi.o)
                0x08007688                __aeabi_d2iz
 .text          0x080076f4       0x84 c:/program files (x86)/gnu tools arm embedded/5.4 2016q2/bin/../lib/gcc/arm-none-eabi/5.4.1/armv6-m\libgcc.a(floatsidf.o)
                0x080076f4                __aeabi_i2d
 .text          0x08007778       0x70 c:/program files (x86)/gnu tools arm embedded/5.4 2016q2/bin/../lib/gcc/arm-none-eabi/5.4.1/armv6-m\libgcc.a(floatunsidf.o)
                0x08007778                __aeabi_ui2d
 .text          0x080077e8       0x3c c:/program files (x86)/gnu tools arm embedded/5.4 2016q2/bin/../lib/gcc/arm-none-eabi/5.4.1/armv6-m\libgcc.a(_clzsi2.o)
                0x080077e8                __clzsi2
 .text          0x08007824       0x18 c:/program files (x86)/gnu tools arm embedded/5.4 2016q2/bin/../lib/gcc/arm-none-eabi/5.4.1/armv6-m\libgcc.a(_clzdi2.o)
                0x08007824                __clzdi2
 *(.init)
 *(.fini)
 *crtbegin.o(.ctors)
 *crtbegin?.o(.ctors)
 *(EXCLUDE_FILE(*crtend.o *crtend?.o) .ctors)
 *(SORT(.ctors.*))
 *(.ctors)
 *crtbegin.o(.dtors)
 *crtbegin?.o(.dtors)
 *(EXCLUDE_FILE(*crtend.o *crtend?.o) .dtors)
 *(SORT(.dtors.*))
 *(.dtors)
 *(.rodata*)
 .rodata        0x0800783c       0x8e ..\obj\NRF24L01.o
 *fill*         0x080078ca        0x2 
 .rodata        0x080078cc       0x45 ..\obj\main.o
 *fill*         0x08007911        0x3 
 .rodata._svfprintf_r
                0x08007914      0x164 c:/program files (x86)/gnu tools arm embedded/5.4 2016q2/bin/../lib/gcc/arm-none-eabi/5.4.1/../../../../arm-none-eabi/lib/armv6-m\libg.a(lib_a-svfprintf.o)
 .rodata.blanks.7055
                0x08007a78       0x10 c:/program files (x86)/gnu tools arm embedded/5.4 2016q2/bin/../lib/gcc/arm-none-eabi/5.4.1/../../../../arm-none-eabi/lib/armv6-m\libg.a(lib_a-svfprintf.o)
 .rodata.str1.4
                0x08007a88       0x42 c:/program files (x86)/gnu tools arm embedded/5.4 2016q2/bin/../lib/gcc/arm-none-eabi/5.4.1/../../../../arm-none-eabi/lib/armv6-m\libg.a(lib_a-svfprintf.o)
 *fill*         0x08007aca        0x2 
 .rodata.zeroes.7056
                0x08007acc       0x10 c:/program files (x86)/gnu tools arm embedded/5.4 2016q2/bin/../lib/gcc/arm-none-eabi/5.4.1/../../../../arm-none-eabi/lib/armv6-m\libg.a(lib_a-svfprintf.o)
 .rodata.str1.4
                0x08007adc       0x10 c:/program files (x86)/gnu tools arm embedded/5.4 2016q2/bin/../lib/gcc/arm-none-eabi/5.4.1/../../../../arm-none-eabi/lib/armv6-m\libg.a(lib_a-dtoa.o)
                                 0x12 (size before relaxing)
 .rodata.str1.4
                0x08007aec        0x2 c:/program files (x86)/gnu tools arm embedded/5.4 2016q2/bin/../lib/gcc/arm-none-eabi/5.4.1/../../../../arm-none-eabi/lib/armv6-m\libg.a(lib_a-impure.o)
 *fill*         0x08007aee        0x2 
 .rodata.str1.4
                0x08007af0        0xc c:/program files (x86)/gnu tools arm embedded/5.4 2016q2/bin/../lib/gcc/arm-none-eabi/5.4.1/../../../../arm-none-eabi/lib/armv6-m\libg.a(lib_a-locale.o)
                                 0x12 (size before relaxing)
 *fill*         0x08007afc        0x4 
 .rodata.__mprec_tens
                0x08007b00       0xc8 c:/program files (x86)/gnu tools arm embedded/5.4 2016q2/bin/../lib/gcc/arm-none-eabi/5.4.1/../../../../arm-none-eabi/lib/armv6-m\libg.a(lib_a-mprec.o)
                0x08007b00                __mprec_tens
 .rodata.__mprec_bigtens
                0x08007bc8       0x28 c:/program files (x86)/gnu tools arm embedded/5.4 2016q2/bin/../lib/gcc/arm-none-eabi/5.4.1/../../../../arm-none-eabi/lib/armv6-m\libg.a(lib_a-mprec.o)
                0x08007bc8                __mprec_bigtens
 .rodata.p05.5396
                0x08007bf0        0xc c:/program files (x86)/gnu tools arm embedded/5.4 2016q2/bin/../lib/gcc/arm-none-eabi/5.4.1/../../../../arm-none-eabi/lib/armv6-m\libg.a(lib_a-mprec.o)
 .rodata        0x08007bfc       0x40 c:/program files (x86)/gnu tools arm embedded/5.4 2016q2/bin/../lib/gcc/arm-none-eabi/5.4.1/armv6-m\libgcc.a(divdf3.o)
 .rodata        0x08007c3c       0x40 c:/program files (x86)/gnu tools arm embedded/5.4 2016q2/bin/../lib/gcc/arm-none-eabi/5.4.1/armv6-m\libgcc.a(muldf3.o)
 *(.eh_fram e*)

.glue_7         0x08007c7c        0x0
 .glue_7        0x08007c7c        0x0 linker stubs

.glue_7t        0x08007c7c        0x0
 .glue_7t       0x08007c7c        0x0 linker stubs

.vfp11_veneer   0x08007c7c        0x0
 .vfp11_veneer  0x08007c7c        0x0 linker stubs

.v4_bx          0x08007c7c        0x0
 .v4_bx         0x08007c7c        0x0 linker stubs

.iplt           0x08007c7c        0x0
 .iplt          0x08007c7c        0x0 ..\obj\stm32f0xx_rcc.o

.ARM.extab
 *(.ARM.extab* .gnu.linkonce.armextab.*)
                0x08007c7c                __exidx_start = .

.ARM.exidx      0x08007c7c        0x8
 *(.ARM.exidx* .gnu.linkonce.armexidx.*)
 .ARM.exidx     0x08007c7c        0x8 c:/program files (x86)/gnu tools arm embedded/5.4 2016q2/bin/../lib/gcc/arm-none-eabi/5.4.1/armv6-m\libgcc.a(_udivmoddi4.o)
                0x08007c84                __exidx_end = .
                0x08007c84                __etext = .
                0x08007c84                _sidata = __etext

.rel.dyn        0x08007c84        0x0
 .rel.iplt      0x08007c84        0x0 ..\obj\stm32f0xx_rcc.o

.data           0x20000000      0x88c load address 0x08007c84
                0x20000000                __data_start__ = .
                0x20000000                _sdata = __data_start__
 *(vtable)
 *(.data*)
 .data          0x20000000       0x10 ..\obj\stm32f0xx_rcc.o
 .data          0x20000010        0x5 ..\obj\NRF24L01.o
                0x20000010                TX_ADDRESS
 *fill*         0x20000015        0x3 
 .data.impure_data
                0x20000018      0x428 c:/program files (x86)/gnu tools arm embedded/5.4 2016q2/bin/../lib/gcc/arm-none-eabi/5.4.1/../../../../arm-none-eabi/lib/armv6-m\libg.a(lib_a-impure.o)
 .data._impure_ptr
                0x20000440        0x4 c:/program files (x86)/gnu tools arm embedded/5.4 2016q2/bin/../lib/gcc/arm-none-eabi/5.4.1/../../../../arm-none-eabi/lib/armv6-m\libg.a(lib_a-impure.o)
                0x20000440                _impure_ptr
 .data.lconv    0x20000444       0x38 c:/program files (x86)/gnu tools arm embedded/5.4 2016q2/bin/../lib/gcc/arm-none-eabi/5.4.1/../../../../arm-none-eabi/lib/armv6-m\libg.a(lib_a-locale.o)
 .data.__malloc_av_
                0x2000047c      0x408 c:/program files (x86)/gnu tools arm embedded/5.4 2016q2/bin/../lib/gcc/arm-none-eabi/5.4.1/../../../../arm-none-eabi/lib/armv6-m\libg.a(lib_a-mallocr.o)
                0x2000047c                __malloc_av_
 .data.__malloc_trim_threshold
                0x20000884        0x4 c:/program files (x86)/gnu tools arm embedded/5.4 2016q2/bin/../lib/gcc/arm-none-eabi/5.4.1/../../../../arm-none-eabi/lib/armv6-m\libg.a(lib_a-mallocr.o)
                0x20000884                __malloc_trim_threshold
 .data.__malloc_sbrk_base
                0x20000888        0x4 c:/program files (x86)/gnu tools arm embedded/5.4 2016q2/bin/../lib/gcc/arm-none-eabi/5.4.1/../../../../arm-none-eabi/lib/armv6-m\libg.a(lib_a-mallocr.o)
                0x20000888                __malloc_sbrk_base
                0x2000088c                . = ALIGN (0x4)
                [!provide]                PROVIDE (__preinit_array_start, .)
 *(.preinit_array)
                [!provide]                PROVIDE (__preinit_array_end, .)
                0x2000088c                . = ALIGN (0x4)
                [!provide]                PROVIDE (__init_array_start, .)
 *(SORT(.init_array.*))
 *(.init_array)
                [!provide]                PROVIDE (__init_array_end, .)
                0x2000088c                . = ALIGN (0x4)
                [!provide]                PROVIDE (__fini_array_start, .)
 *(SORT(.fini_array.*))
 *(.fini_array)
                [!provide]                PROVIDE (__fini_array_end, .)
 *(.jcr*)
                0x2000088c                . = ALIGN (0x4)
                0x2000088c                __data_end__ = .
                0x2000088c                _edata = __data_end__

.igot.plt       0x2000088c        0x0 load address 0x08008510
 .igot.plt      0x2000088c        0x0 ..\obj\stm32f0xx_rcc.o

.bss            0x2000088c      0x170 load address 0x08008510
                0x2000088c                . = ALIGN (0x4)
                0x2000088c                __bss_start__ = .
                0x2000088c                _sbss = __bss_start__
 *(.bss*)
 .bss           0x2000088c        0x4 ..\obj\main.o
 .bss           0x20000890        0x4 ..\obj\syscalls.o
 .bss.__malloc_max_total_mem
                0x20000894        0x4 c:/program files (x86)/gnu tools arm embedded/5.4 2016q2/bin/../lib/gcc/arm-none-eabi/5.4.1/../../../../arm-none-eabi/lib/armv6-m\libg.a(lib_a-mallocr.o)
                0x20000894                __malloc_max_total_mem
 .bss.__malloc_max_sbrked_mem
                0x20000898        0x4 c:/program files (x86)/gnu tools arm embedded/5.4 2016q2/bin/../lib/gcc/arm-none-eabi/5.4.1/../../../../arm-none-eabi/lib/armv6-m\libg.a(lib_a-mallocr.o)
                0x20000898                __malloc_max_sbrked_mem
 .bss.__malloc_top_pad
                0x2000089c        0x4 c:/program files (x86)/gnu tools arm embedded/5.4 2016q2/bin/../lib/gcc/arm-none-eabi/5.4.1/../../../../arm-none-eabi/lib/armv6-m\libg.a(lib_a-mallocr.o)
                0x2000089c                __malloc_top_pad
 .bss.__malloc_current_mallinfo
                0x200008a0       0x28 c:/program files (x86)/gnu tools arm embedded/5.4 2016q2/bin/../lib/gcc/arm-none-eabi/5.4.1/../../../../arm-none-eabi/lib/armv6-m\libg.a(lib_a-mallocr.o)
                0x200008a0                __malloc_current_mallinfo
 *(COMMON)
 COMMON         0x200008c8       0xcc ..\obj\Debug.o
                0x200008c8                receivedDebugLen
                0x200008cc                receivedDebug
 COMMON         0x20000994       0x40 ..\obj\NRF24L01.o
                0x20000994                RX_BUF
                0x200009b4                TX_BUF
 COMMON         0x200009d4       0x24 ..\obj\main.o
                0x200009d4                RCC_Clocks
 COMMON         0x200009f8        0x4 c:/program files (x86)/gnu tools arm embedded/5.4 2016q2/bin/../lib/gcc/arm-none-eabi/5.4.1/../../../../arm-none-eabi/lib/armv6-m\libg.a(lib_a-reent.o)
                0x200009f8                errno
                0x200009fc                . = ALIGN (0x4)
                0x200009fc                __bss_end__ = .
                0x200009fc                _ebss = __bss_end__

.heap           0x200009fc        0x0
                0x200009fc                __end__ = .
                0x200009fc                _end = __end__
                0x200009fc                end = __end__
 *(.heap*)
                0x200009fc                __HeapLimit = .

.co_stack       0x200009fc        0x4 load address 0x08008680
                0x20000a00                . = ALIGN (0x8)
 *fill*         0x200009fc        0x4 
 *(.co_stack .co_stack.*)
                0x20004000                __StackTop = (ORIGIN (ram) + LENGTH (ram))
                0x20003ffc                __StackLimit = (__StackTop - SIZEOF (.co_stack))
                [!provide]                PROVIDE (__stack, __StackTop)
                0x00000001                ASSERT ((__StackLimit >= __HeapLimit), region ram  overflowed with stack)
LOAD ..\obj\stm32f0xx_rcc.o
LOAD ..\obj\Debug.o
LOAD ..\obj\NRF24L01.o
LOAD ..\obj\main.o
LOAD ..\obj\startup_stm32f0xx.o
LOAD ..\obj\stm32f0xx_spi.o
LOAD ..\obj\stm32f0xx_gpio.o
LOAD ..\obj\syscalls.o
LOAD ..\obj\stm32f0xx_usart.o
LOAD ..\obj\system_stm32f0xx.o
LOAD ..\obj\stm32f0xx_it.o
LOAD ..\obj\stm32f0xx_exti.o
LOAD ..\obj\stm32f0xx_misc.o
START GROUP
LOAD c:/program files (x86)/gnu tools arm embedded/5.4 2016q2/bin/../lib/gcc/arm-none-eabi/5.4.1/armv6-m\libgcc.a
LOAD c:/program files (x86)/gnu tools arm embedded/5.4 2016q2/bin/../lib/gcc/arm-none-eabi/5.4.1/../../../../arm-none-eabi/lib/armv6-m\libg.a
LOAD c:/program files (x86)/gnu tools arm embedded/5.4 2016q2/bin/../lib/gcc/arm-none-eabi/5.4.1/../../../../arm-none-eabi/lib/armv6-m\libc.a
END GROUP
OUTPUT(HomeGuard.elf elf32-littlearm)

.debug_info     0x00000000     0x4a56
 .debug_info    0x00000000      0xa41 ..\obj\stm32f0xx_rcc.o
 .debug_info    0x00000a41      0x801 ..\obj\Debug.o
 .debug_info    0x00001242      0x831 ..\obj\NRF24L01.o
 .debug_info    0x00001a73      0x4f0 ..\obj\main.o
 .debug_info    0x00001f63       0xdb ..\obj\startup_stm32f0xx.o
 .debug_info    0x0000203e      0xaaf ..\obj\stm32f0xx_spi.o
 .debug_info    0x00002aed      0x5e7 ..\obj\stm32f0xx_gpio.o
 .debug_info    0x000030d4      0x458 ..\obj\syscalls.o
 .debug_info    0x0000352c      0xe4e ..\obj\stm32f0xx_usart.o
 .debug_info    0x0000437a      0x2aa ..\obj\system_stm32f0xx.o
 .debug_info    0x00004624       0xc4 ..\obj\stm32f0xx_it.o
 .debug_info    0x000046e8      0x36e ..\obj\stm32f0xx_misc.o

.debug_abbrev   0x00000000      0xfbc
 .debug_abbrev  0x00000000      0x1ee ..\obj\stm32f0xx_rcc.o
 .debug_abbrev  0x000001ee      0x1d2 ..\obj\Debug.o
 .debug_abbrev  0x000003c0      0x1fb ..\obj\NRF24L01.o
 .debug_abbrev  0x000005bb      0x1c9 ..\obj\main.o
 .debug_abbrev  0x00000784       0x12 ..\obj\startup_stm32f0xx.o
 .debug_abbrev  0x00000796      0x1a3 ..\obj\stm32f0xx_spi.o
 .debug_abbrev  0x00000939      0x19f ..\obj\stm32f0xx_gpio.o
 .debug_abbrev  0x00000ad8       0xe5 ..\obj\syscalls.o
 .debug_abbrev  0x00000bbd      0x15e ..\obj\stm32f0xx_usart.o
 .debug_abbrev  0x00000d1b      0x104 ..\obj\system_stm32f0xx.o
 .debug_abbrev  0x00000e1f       0x58 ..\obj\stm32f0xx_it.o
 .debug_abbrev  0x00000e77      0x145 ..\obj\stm32f0xx_misc.o

.debug_aranges  0x00000000      0x6f8
 .debug_aranges
                0x00000000      0x160 ..\obj\stm32f0xx_rcc.o
 .debug_aranges
                0x00000160       0x68 ..\obj\Debug.o
 .debug_aranges
                0x000001c8       0x98 ..\obj\NRF24L01.o
 .debug_aranges
                0x00000260       0x40 ..\obj\main.o
 .debug_aranges
                0x000002a0       0x28 ..\obj\startup_stm32f0xx.o
 .debug_aranges
                0x000002c8      0x110 ..\obj\stm32f0xx_spi.o
 .debug_aranges
                0x000003d8       0x80 ..\obj\stm32f0xx_gpio.o
 .debug_aranges
                0x00000458       0x60 ..\obj\syscalls.o
 .debug_aranges
                0x000004b8      0x1a0 ..\obj\stm32f0xx_usart.o
 .debug_aranges
                0x00000658       0x30 ..\obj\system_stm32f0xx.o
 .debug_aranges
                0x00000688       0x40 ..\obj\stm32f0xx_it.o
 .debug_aranges
                0x000006c8       0x30 ..\obj\stm32f0xx_misc.o

.debug_ranges   0x00000000      0x640
 .debug_ranges  0x00000000      0x150 ..\obj\stm32f0xx_rcc.o
 .debug_ranges  0x00000150       0x58 ..\obj\Debug.o
 .debug_ranges  0x000001a8       0x88 ..\obj\NRF24L01.o
 .debug_ranges  0x00000230       0x30 ..\obj\main.o
 .debug_ranges  0x00000260       0x20 ..\obj\startup_stm32f0xx.o
 .debug_ranges  0x00000280      0x100 ..\obj\stm32f0xx_spi.o
 .debug_ranges  0x00000380       0x70 ..\obj\stm32f0xx_gpio.o
 .debug_ranges  0x000003f0       0x50 ..\obj\syscalls.o
 .debug_ranges  0x00000440      0x190 ..\obj\stm32f0xx_usart.o
 .debug_ranges  0x000005d0       0x20 ..\obj\system_stm32f0xx.o
 .debug_ranges  0x000005f0       0x30 ..\obj\stm32f0xx_it.o
 .debug_ranges  0x00000620       0x20 ..\obj\stm32f0xx_misc.o

.debug_line     0x00000000     0x2613
 .debug_line    0x00000000      0x5b4 ..\obj\stm32f0xx_rcc.o
 .debug_line    0x000005b4      0x31e ..\obj\Debug.o
 .debug_line    0x000008d2      0x3ed ..\obj\NRF24L01.o
 .debug_line    0x00000cbf      0x2cc ..\obj\main.o
 .debug_line    0x00000f8b       0xc3 ..\obj\startup_stm32f0xx.o
 .debug_line    0x0000104e      0x4e6 ..\obj\stm32f0xx_spi.o
 .debug_line    0x00001534      0x35d ..\obj\stm32f0xx_gpio.o
 .debug_line    0x00001891      0x207 ..\obj\syscalls.o
 .debug_line    0x00001a98      0x652 ..\obj\stm32f0xx_usart.o
 .debug_line    0x000020ea      0x1c1 ..\obj\system_stm32f0xx.o
 .debug_line    0x000022ab       0xc6 ..\obj\stm32f0xx_it.o
 .debug_line    0x00002371      0x2a2 ..\obj\stm32f0xx_misc.o

.debug_str      0x00000000     0x1fe6
 .debug_str     0x00000000      0x6fa ..\obj\stm32f0xx_rcc.o
                                0x798 (size before relaxing)
 .debug_str     0x000006fa      0x4c1 ..\obj\Debug.o
                                0x69d (size before relaxing)
 .debug_str     0x00000bbb      0x3b1 ..\obj\NRF24L01.o
                                0x5ed (size before relaxing)
 .debug_str     0x00000f6c      0x100 ..\obj\main.o
                                0x531 (size before relaxing)
 .debug_str     0x0000106c      0x3be ..\obj\stm32f0xx_spi.o
                                0x737 (size before relaxing)
 .debug_str     0x0000142a      0x199 ..\obj\stm32f0xx_gpio.o
                                0x4a0 (size before relaxing)
 .debug_str     0x000015c3      0x197 ..\obj\syscalls.o
                                0x364 (size before relaxing)
 .debug_str     0x0000175a      0x668 ..\obj\stm32f0xx_usart.o
                                0x98c (size before relaxing)
 .debug_str     0x00001dc2       0xbd ..\obj\system_stm32f0xx.o
                                0x272 (size before relaxing)
 .debug_str     0x00001e7f       0x96 ..\obj\stm32f0xx_it.o
                                0x19f (size before relaxing)
 .debug_str     0x00001f15       0xd1 ..\obj\stm32f0xx_misc.o
                                0x30a (size before relaxing)

.comment        0x00000000       0x6e
 .comment       0x00000000       0x6e ..\obj\stm32f0xx_rcc.o
                                 0x6f (size before relaxing)
 .comment       0x0000006e       0x6f ..\obj\Debug.o
 .comment       0x0000006e       0x6f ..\obj\NRF24L01.o
 .comment       0x0000006e       0x6f ..\obj\main.o
 .comment       0x0000006e       0x6f ..\obj\stm32f0xx_spi.o
 .comment       0x0000006e       0x6f ..\obj\stm32f0xx_gpio.o
 .comment       0x0000006e       0x6f ..\obj\syscalls.o
 .comment       0x0000006e       0x6f ..\obj\stm32f0xx_usart.o
 .comment       0x0000006e       0x6f ..\obj\system_stm32f0xx.o
 .comment       0x0000006e       0x6f ..\obj\stm32f0xx_it.o
 .comment       0x0000006e       0x6f ..\obj\stm32f0xx_misc.o

.ARM.attributes
                0x00000000       0x2f
 .ARM.attributes
                0x00000000       0x31 ..\obj\stm32f0xx_rcc.o
 .ARM.attributes
                0x00000031       0x31 ..\obj\Debug.o
 .ARM.attributes
                0x00000062       0x31 ..\obj\NRF24L01.o
 .ARM.attributes
                0x00000093       0x31 ..\obj\main.o
 .ARM.attributes
                0x000000c4       0x21 ..\obj\startup_stm32f0xx.o
 .ARM.attributes
                0x000000e5       0x31 ..\obj\stm32f0xx_spi.o
 .ARM.attributes
                0x00000116       0x31 ..\obj\stm32f0xx_gpio.o
 .ARM.attributes
                0x00000147       0x31 ..\obj\syscalls.o
 .ARM.attributes
                0x00000178       0x31 ..\obj\stm32f0xx_usart.o
 .ARM.attributes
                0x000001a9       0x31 ..\obj\system_stm32f0xx.o
 .ARM.attributes
                0x000001da       0x31 ..\obj\stm32f0xx_it.o
 .ARM.attributes
                0x0000020b       0x31 ..\obj\stm32f0xx_misc.o
 .ARM.attributes
                0x0000023c       0x1e c:/program files (x86)/gnu tools arm embedded/5.4 2016q2/bin/../lib/gcc/arm-none-eabi/5.4.1/armv6-m\libgcc.a(_udivsi3.o)
 .ARM.attributes
                0x0000025a       0x1e c:/program files (x86)/gnu tools arm embedded/5.4 2016q2/bin/../lib/gcc/arm-none-eabi/5.4.1/armv6-m\libgcc.a(_dvmd_tls.o)
 .ARM.attributes
                0x00000278       0x2c c:/program files (x86)/gnu tools arm embedded/5.4 2016q2/bin/../lib/gcc/arm-none-eabi/5.4.1/../../../../arm-none-eabi/lib/armv6-m\libg.a(lib_a-memcpy-stub.o)
 .ARM.attributes
                0x000002a4       0x2c c:/program files (x86)/gnu tools arm embedded/5.4 2016q2/bin/../lib/gcc/arm-none-eabi/5.4.1/../../../../arm-none-eabi/lib/armv6-m\libg.a(lib_a-memset.o)
 .ARM.attributes
                0x000002d0       0x2c c:/program files (x86)/gnu tools arm embedded/5.4 2016q2/bin/../lib/gcc/arm-none-eabi/5.4.1/../../../../arm-none-eabi/lib/armv6-m\libg.a(lib_a-sprintf.o)
 .ARM.attributes
                0x000002fc       0x2c c:/program files (x86)/gnu tools arm embedded/5.4 2016q2/bin/../lib/gcc/arm-none-eabi/5.4.1/../../../../arm-none-eabi/lib/armv6-m\libg.a(lib_a-strcat.o)
 .ARM.attributes
                0x00000328       0x2c c:/program files (x86)/gnu tools arm embedded/5.4 2016q2/bin/../lib/gcc/arm-none-eabi/5.4.1/../../../../arm-none-eabi/lib/armv6-m\libg.a(lib_a-strcpy.o)
 .ARM.attributes
                0x00000354       0x2c c:/program files (x86)/gnu tools arm embedded/5.4 2016q2/bin/../lib/gcc/arm-none-eabi/5.4.1/../../../../arm-none-eabi/lib/armv6-m\libg.a(lib_a-strlen-stub.o)
 .ARM.attributes
                0x00000380       0x2c c:/program files (x86)/gnu tools arm embedded/5.4 2016q2/bin/../lib/gcc/arm-none-eabi/5.4.1/../../../../arm-none-eabi/lib/armv6-m\libg.a(lib_a-svfprintf.o)
 .ARM.attributes
                0x000003ac       0x2c c:/program files (x86)/gnu tools arm embedded/5.4 2016q2/bin/../lib/gcc/arm-none-eabi/5.4.1/../../../../arm-none-eabi/lib/armv6-m\libg.a(lib_a-dtoa.o)
 .ARM.attributes
                0x000003d8       0x2c c:/program files (x86)/gnu tools arm embedded/5.4 2016q2/bin/../lib/gcc/arm-none-eabi/5.4.1/../../../../arm-none-eabi/lib/armv6-m\libg.a(lib_a-impure.o)
 .ARM.attributes
                0x00000404       0x2c c:/program files (x86)/gnu tools arm embedded/5.4 2016q2/bin/../lib/gcc/arm-none-eabi/5.4.1/../../../../arm-none-eabi/lib/armv6-m\libg.a(lib_a-locale.o)
 .ARM.attributes
                0x00000430       0x2c c:/program files (x86)/gnu tools arm embedded/5.4 2016q2/bin/../lib/gcc/arm-none-eabi/5.4.1/../../../../arm-none-eabi/lib/armv6-m\libg.a(lib_a-mallocr.o)
 .ARM.attributes
                0x0000045c       0x2c c:/program files (x86)/gnu tools arm embedded/5.4 2016q2/bin/../lib/gcc/arm-none-eabi/5.4.1/../../../../arm-none-eabi/lib/armv6-m\libg.a(lib_a-memchr-stub.o)
 .ARM.attributes
                0x00000488       0x2c c:/program files (x86)/gnu tools arm embedded/5.4 2016q2/bin/../lib/gcc/arm-none-eabi/5.4.1/../../../../arm-none-eabi/lib/armv6-m\libg.a(lib_a-mlock.o)
 .ARM.attributes
                0x000004b4       0x2c c:/program files (x86)/gnu tools arm embedded/5.4 2016q2/bin/../lib/gcc/arm-none-eabi/5.4.1/../../../../arm-none-eabi/lib/armv6-m\libg.a(lib_a-mprec.o)
 .ARM.attributes
                0x000004e0       0x2c c:/program files (x86)/gnu tools arm embedded/5.4 2016q2/bin/../lib/gcc/arm-none-eabi/5.4.1/../../../../arm-none-eabi/lib/armv6-m\libg.a(lib_a-sbrkr.o)
 .ARM.attributes
                0x0000050c       0x2c c:/program files (x86)/gnu tools arm embedded/5.4 2016q2/bin/../lib/gcc/arm-none-eabi/5.4.1/../../../../arm-none-eabi/lib/armv6-m\libg.a(lib_a-svfiprintf.o)
 .ARM.attributes
                0x00000538       0x2c c:/program files (x86)/gnu tools arm embedded/5.4 2016q2/bin/../lib/gcc/arm-none-eabi/5.4.1/../../../../arm-none-eabi/lib/armv6-m\libg.a(lib_a-callocr.o)
 .ARM.attributes
                0x00000564       0x2c c:/program files (x86)/gnu tools arm embedded/5.4 2016q2/bin/../lib/gcc/arm-none-eabi/5.4.1/../../../../arm-none-eabi/lib/armv6-m\libg.a(lib_a-freer.o)
 .ARM.attributes
                0x00000590       0x2c c:/program files (x86)/gnu tools arm embedded/5.4 2016q2/bin/../lib/gcc/arm-none-eabi/5.4.1/../../../../arm-none-eabi/lib/armv6-m\libg.a(lib_a-memmove.o)
 .ARM.attributes
                0x000005bc       0x2c c:/program files (x86)/gnu tools arm embedded/5.4 2016q2/bin/../lib/gcc/arm-none-eabi/5.4.1/../../../../arm-none-eabi/lib/armv6-m\libg.a(lib_a-reallocr.o)
 .ARM.attributes
                0x000005e8       0x2c c:/program files (x86)/gnu tools arm embedded/5.4 2016q2/bin/../lib/gcc/arm-none-eabi/5.4.1/../../../../arm-none-eabi/lib/armv6-m\libg.a(lib_a-reent.o)
 .ARM.attributes
                0x00000614       0x1e c:/program files (x86)/gnu tools arm embedded/5.4 2016q2/bin/../lib/gcc/arm-none-eabi/5.4.1/armv6-m\libgcc.a(_divsi3.o)
 .ARM.attributes
                0x00000632       0x1e c:/program files (x86)/gnu tools arm embedded/5.4 2016q2/bin/../lib/gcc/arm-none-eabi/5.4.1/armv6-m\libgcc.a(_arm_cmpdf2.o)
 .ARM.attributes
                0x00000650       0x1e c:/program files (x86)/gnu tools arm embedded/5.4 2016q2/bin/../lib/gcc/arm-none-eabi/5.4.1/armv6-m\libgcc.a(_aeabi_uldivmod.o)
 .ARM.attributes
                0x0000066e       0x2c c:/program files (x86)/gnu tools arm embedded/5.4 2016q2/bin/../lib/gcc/arm-none-eabi/5.4.1/armv6-m\libgcc.a(_udivmoddi4.o)
 .ARM.attributes
                0x0000069a       0x2c c:/program files (x86)/gnu tools arm embedded/5.4 2016q2/bin/../lib/gcc/arm-none-eabi/5.4.1/armv6-m\libgcc.a(adddf3.o)
 .ARM.attributes
                0x000006c6       0x2c c:/program files (x86)/gnu tools arm embedded/5.4 2016q2/bin/../lib/gcc/arm-none-eabi/5.4.1/armv6-m\libgcc.a(divdf3.o)
 .ARM.attributes
                0x000006f2       0x2c c:/program files (x86)/gnu tools arm embedded/5.4 2016q2/bin/../lib/gcc/arm-none-eabi/5.4.1/armv6-m\libgcc.a(eqdf2.o)
 .ARM.attributes
                0x0000071e       0x2c c:/program files (x86)/gnu tools arm embedded/5.4 2016q2/bin/../lib/gcc/arm-none-eabi/5.4.1/armv6-m\libgcc.a(gedf2.o)
 .ARM.attributes
                0x0000074a       0x2c c:/program files (x86)/gnu tools arm embedded/5.4 2016q2/bin/../lib/gcc/arm-none-eabi/5.4.1/armv6-m\libgcc.a(ledf2.o)
 .ARM.attributes
                0x00000776       0x2c c:/program files (x86)/gnu tools arm embedded/5.4 2016q2/bin/../lib/gcc/arm-none-eabi/5.4.1/armv6-m\libgcc.a(muldf3.o)
 .ARM.attributes
                0x000007a2       0x2c c:/program files (x86)/gnu tools arm embedded/5.4 2016q2/bin/../lib/gcc/arm-none-eabi/5.4.1/armv6-m\libgcc.a(subdf3.o)
 .ARM.attributes
                0x000007ce       0x2c c:/program files (x86)/gnu tools arm embedded/5.4 2016q2/bin/../lib/gcc/arm-none-eabi/5.4.1/armv6-m\libgcc.a(unorddf2.o)
 .ARM.attributes
                0x000007fa       0x2c c:/program files (x86)/gnu tools arm embedded/5.4 2016q2/bin/../lib/gcc/arm-none-eabi/5.4.1/armv6-m\libgcc.a(fixdfsi.o)
 .ARM.attributes
                0x00000826       0x2c c:/program files (x86)/gnu tools arm embedded/5.4 2016q2/bin/../lib/gcc/arm-none-eabi/5.4.1/armv6-m\libgcc.a(floatsidf.o)
 .ARM.attributes
                0x00000852       0x2c c:/program files (x86)/gnu tools arm embedded/5.4 2016q2/bin/../lib/gcc/arm-none-eabi/5.4.1/armv6-m\libgcc.a(floatunsidf.o)
 .ARM.attributes
                0x0000087e       0x1e c:/program files (x86)/gnu tools arm embedded/5.4 2016q2/bin/../lib/gcc/arm-none-eabi/5.4.1/armv6-m\libgcc.a(_clzsi2.o)
 .ARM.attributes
                0x0000089c       0x1e c:/program files (x86)/gnu tools arm embedded/5.4 2016q2/bin/../lib/gcc/arm-none-eabi/5.4.1/armv6-m\libgcc.a(_clzdi2.o)

.debug_frame    0x00000000     0x2168
 .debug_frame   0x00000000      0x524 ..\obj\stm32f0xx_rcc.o
 .debug_frame   0x00000524      0x14c ..\obj\Debug.o
 .debug_frame   0x00000670      0x208 ..\obj\NRF24L01.o
 .debug_frame   0x00000878       0xac ..\obj\main.o
 .debug_frame   0x00000924      0x3f0 ..\obj\stm32f0xx_spi.o
 .debug_frame   0x00000d14      0x1b0 ..\obj\stm32f0xx_gpio.o
 .debug_frame   0x00000ec4      0x12c ..\obj\syscalls.o
 .debug_frame   0x00000ff0      0x630 ..\obj\stm32f0xx_usart.o
 .debug_frame   0x00001620       0x68 ..\obj\system_stm32f0xx.o
 .debug_frame   0x00001688       0x9c ..\obj\stm32f0xx_it.o
 .debug_frame   0x00001724       0x70 ..\obj\stm32f0xx_misc.o
 .debug_frame   0x00001794       0x20 c:/program files (x86)/gnu tools arm embedded/5.4 2016q2/bin/../lib/gcc/arm-none-eabi/5.4.1/armv6-m\libgcc.a(_udivsi3.o)
 .debug_frame   0x000017b4       0x2c c:/program files (x86)/gnu tools arm embedded/5.4 2016q2/bin/../lib/gcc/arm-none-eabi/5.4.1/../../../../arm-none-eabi/lib/armv6-m\libg.a(lib_a-memcpy-stub.o)
 .debug_frame   0x000017e0       0x2c c:/program files (x86)/gnu tools arm embedded/5.4 2016q2/bin/../lib/gcc/arm-none-eabi/5.4.1/../../../../arm-none-eabi/lib/armv6-m\libg.a(lib_a-memset.o)
 .debug_frame   0x0000180c       0x50 c:/program files (x86)/gnu tools arm embedded/5.4 2016q2/bin/../lib/gcc/arm-none-eabi/5.4.1/../../../../arm-none-eabi/lib/armv6-m\libg.a(lib_a-sprintf.o)
 .debug_frame   0x0000185c       0x2c c:/program files (x86)/gnu tools arm embedded/5.4 2016q2/bin/../lib/gcc/arm-none-eabi/5.4.1/../../../../arm-none-eabi/lib/armv6-m\libg.a(lib_a-strcat.o)
 .debug_frame   0x00001888       0x20 c:/program files (x86)/gnu tools arm embedded/5.4 2016q2/bin/../lib/gcc/arm-none-eabi/5.4.1/../../../../arm-none-eabi/lib/armv6-m\libg.a(lib_a-strcpy.o)
 .debug_frame   0x000018a8       0x28 c:/program files (x86)/gnu tools arm embedded/5.4 2016q2/bin/../lib/gcc/arm-none-eabi/5.4.1/../../../../arm-none-eabi/lib/armv6-m\libg.a(lib_a-strlen-stub.o)
 .debug_frame   0x000018d0       0x3c c:/program files (x86)/gnu tools arm embedded/5.4 2016q2/bin/../lib/gcc/arm-none-eabi/5.4.1/../../../../arm-none-eabi/lib/armv6-m\libg.a(lib_a-svfprintf.o)
 .debug_frame   0x0000190c       0x68 c:/program files (x86)/gnu tools arm embedded/5.4 2016q2/bin/../lib/gcc/arm-none-eabi/5.4.1/../../../../arm-none-eabi/lib/armv6-m\libg.a(lib_a-dtoa.o)
 .debug_frame   0x00001974       0xa4 c:/program files (x86)/gnu tools arm embedded/5.4 2016q2/bin/../lib/gcc/arm-none-eabi/5.4.1/../../../../arm-none-eabi/lib/armv6-m\libg.a(lib_a-locale.o)
 .debug_frame   0x00001a18       0x3c c:/program files (x86)/gnu tools arm embedded/5.4 2016q2/bin/../lib/gcc/arm-none-eabi/5.4.1/../../../../arm-none-eabi/lib/armv6-m\libg.a(lib_a-mallocr.o)
 .debug_frame   0x00001a54       0x2c c:/program files (x86)/gnu tools arm embedded/5.4 2016q2/bin/../lib/gcc/arm-none-eabi/5.4.1/../../../../arm-none-eabi/lib/armv6-m\libg.a(lib_a-memchr-stub.o)
 .debug_frame   0x00001a80       0x30 c:/program files (x86)/gnu tools arm embedded/5.4 2016q2/bin/../lib/gcc/arm-none-eabi/5.4.1/../../../../arm-none-eabi/lib/armv6-m\libg.a(lib_a-mlock.o)
 .debug_frame   0x00001ab0      0x258 c:/program files (x86)/gnu tools arm embedded/5.4 2016q2/bin/../lib/gcc/arm-none-eabi/5.4.1/../../../../arm-none-eabi/lib/armv6-m\libg.a(lib_a-mprec.o)
 .debug_frame   0x00001d08       0x2c c:/program files (x86)/gnu tools arm embedded/5.4 2016q2/bin/../lib/gcc/arm-none-eabi/5.4.1/../../../../arm-none-eabi/lib/armv6-m\libg.a(lib_a-sbrkr.o)
 .debug_frame   0x00001d34       0x68 c:/program files (x86)/gnu tools arm embedded/5.4 2016q2/bin/../lib/gcc/arm-none-eabi/5.4.1/../../../../arm-none-eabi/lib/armv6-m\libg.a(lib_a-svfiprintf.o)
 .debug_frame   0x00001d9c       0x28 c:/program files (x86)/gnu tools arm embedded/5.4 2016q2/bin/../lib/gcc/arm-none-eabi/5.4.1/../../../../arm-none-eabi/lib/armv6-m\libg.a(lib_a-callocr.o)
 .debug_frame   0x00001dc4       0x54 c:/program files (x86)/gnu tools arm embedded/5.4 2016q2/bin/../lib/gcc/arm-none-eabi/5.4.1/../../../../arm-none-eabi/lib/armv6-m\libg.a(lib_a-freer.o)
 .debug_frame   0x00001e18       0x2c c:/program files (x86)/gnu tools arm embedded/5.4 2016q2/bin/../lib/gcc/arm-none-eabi/5.4.1/../../../../arm-none-eabi/lib/armv6-m\libg.a(lib_a-memmove.o)
 .debug_frame   0x00001e44       0x3c c:/program files (x86)/gnu tools arm embedded/5.4 2016q2/bin/../lib/gcc/arm-none-eabi/5.4.1/../../../../arm-none-eabi/lib/armv6-m\libg.a(lib_a-reallocr.o)
 .debug_frame   0x00001e80       0x48 c:/program files (x86)/gnu tools arm embedded/5.4 2016q2/bin/../lib/gcc/arm-none-eabi/5.4.1/../../../../arm-none-eabi/lib/armv6-m\libg.a(lib_a-reent.o)
 .debug_frame   0x00001ec8       0x20 c:/program files (x86)/gnu tools arm embedded/5.4 2016q2/bin/../lib/gcc/arm-none-eabi/5.4.1/armv6-m\libgcc.a(_divsi3.o)
 .debug_frame   0x00001ee8       0x3c c:/program files (x86)/gnu tools arm embedded/5.4 2016q2/bin/../lib/gcc/arm-none-eabi/5.4.1/armv6-m\libgcc.a(_udivmoddi4.o)
 .debug_frame   0x00001f24       0x3c c:/program files (x86)/gnu tools arm embedded/5.4 2016q2/bin/../lib/gcc/arm-none-eabi/5.4.1/armv6-m\libgcc.a(adddf3.o)
 .debug_frame   0x00001f60       0x3c c:/program files (x86)/gnu tools arm embedded/5.4 2016q2/bin/../lib/gcc/arm-none-eabi/5.4.1/armv6-m\libgcc.a(divdf3.o)
 .debug_frame   0x00001f9c       0x38 c:/program files (x86)/gnu tools arm embedded/5.4 2016q2/bin/../lib/gcc/arm-none-eabi/5.4.1/armv6-m\libgcc.a(eqdf2.o)
 .debug_frame   0x00001fd4       0x38 c:/program files (x86)/gnu tools arm embedded/5.4 2016q2/bin/../lib/gcc/arm-none-eabi/5.4.1/armv6-m\libgcc.a(gedf2.o)
 .debug_frame   0x0000200c       0x38 c:/program files (x86)/gnu tools arm embedded/5.4 2016q2/bin/../lib/gcc/arm-none-eabi/5.4.1/armv6-m\libgcc.a(ledf2.o)
 .debug_frame   0x00002044       0x3c c:/program files (x86)/gnu tools arm embedded/5.4 2016q2/bin/../lib/gcc/arm-none-eabi/5.4.1/armv6-m\libgcc.a(muldf3.o)
 .debug_frame   0x00002080       0x38 c:/program files (x86)/gnu tools arm embedded/5.4 2016q2/bin/../lib/gcc/arm-none-eabi/5.4.1/armv6-m\libgcc.a(subdf3.o)
 .debug_frame   0x000020b8       0x2c c:/program files (x86)/gnu tools arm embedded/5.4 2016q2/bin/../lib/gcc/arm-none-eabi/5.4.1/armv6-m\libgcc.a(unorddf2.o)
 .debug_frame   0x000020e4       0x2c c:/program files (x86)/gnu tools arm embedded/5.4 2016q2/bin/../lib/gcc/arm-none-eabi/5.4.1/armv6-m\libgcc.a(fixdfsi.o)
 .debug_frame   0x00002110       0x2c c:/program files (x86)/gnu tools arm embedded/5.4 2016q2/bin/../lib/gcc/arm-none-eabi/5.4.1/armv6-m\libgcc.a(floatsidf.o)
 .debug_frame   0x0000213c       0x2c c:/program files (x86)/gnu tools arm embedded/5.4 2016q2/bin/../lib/gcc/arm-none-eabi/5.4.1/armv6-m\libgcc.a(floatunsidf.o)
