Archive member included to satisfy reference by file (symbol)

c:/program files (x86)/gnu tools arm embedded/5.4 2016q2/bin/../lib/gcc/arm-none-eabi/5.4.1/armv6-m\libgcc.a(_udivsi3.o)
                              ..\obj\stm32f0xx_rcc.o (__aeabi_uidiv)
c:/program files (x86)/gnu tools arm embedded/5.4 2016q2/bin/../lib/gcc/arm-none-eabi/5.4.1/armv6-m\libgcc.a(_dvmd_tls.o)
                              c:/program files (x86)/gnu tools arm embedded/5.4 2016q2/bin/../lib/gcc/arm-none-eabi/5.4.1/armv6-m\libgcc.a(_udivsi3.o) (__aeabi_idiv0)
c:/program files (x86)/gnu tools arm embedded/5.4 2016q2/bin/../lib/gcc/arm-none-eabi/5.4.1/armv6-m\libgcc.a(_arm_cmpdf2.o)
                              ..\obj\main.o (__aeabi_dcmpgt)
c:/program files (x86)/gnu tools arm embedded/5.4 2016q2/bin/../lib/gcc/arm-none-eabi/5.4.1/armv6-m\libgcc.a(_arm_cmpsf2.o)
                              ..\obj\main.o (__aeabi_fcmpgt)
c:/program files (x86)/gnu tools arm embedded/5.4 2016q2/bin/../lib/gcc/arm-none-eabi/5.4.1/armv6-m\libgcc.a(divsf3.o)
                              ..\obj\main.o (__aeabi_fdiv)
c:/program files (x86)/gnu tools arm embedded/5.4 2016q2/bin/../lib/gcc/arm-none-eabi/5.4.1/armv6-m\libgcc.a(eqsf2.o)
                              c:/program files (x86)/gnu tools arm embedded/5.4 2016q2/bin/../lib/gcc/arm-none-eabi/5.4.1/armv6-m\libgcc.a(_arm_cmpsf2.o) (__eqsf2)
c:/program files (x86)/gnu tools arm embedded/5.4 2016q2/bin/../lib/gcc/arm-none-eabi/5.4.1/armv6-m\libgcc.a(gesf2.o)
                              c:/program files (x86)/gnu tools arm embedded/5.4 2016q2/bin/../lib/gcc/arm-none-eabi/5.4.1/armv6-m\libgcc.a(_arm_cmpsf2.o) (__gesf2)
c:/program files (x86)/gnu tools arm embedded/5.4 2016q2/bin/../lib/gcc/arm-none-eabi/5.4.1/armv6-m\libgcc.a(lesf2.o)
                              c:/program files (x86)/gnu tools arm embedded/5.4 2016q2/bin/../lib/gcc/arm-none-eabi/5.4.1/armv6-m\libgcc.a(_arm_cmpsf2.o) (__lesf2)
c:/program files (x86)/gnu tools arm embedded/5.4 2016q2/bin/../lib/gcc/arm-none-eabi/5.4.1/armv6-m\libgcc.a(mulsf3.o)
                              ..\obj\main.o (__aeabi_fmul)
c:/program files (x86)/gnu tools arm embedded/5.4 2016q2/bin/../lib/gcc/arm-none-eabi/5.4.1/armv6-m\libgcc.a(floatunsisf.o)
                              ..\obj\main.o (__aeabi_ui2f)
c:/program files (x86)/gnu tools arm embedded/5.4 2016q2/bin/../lib/gcc/arm-none-eabi/5.4.1/armv6-m\libgcc.a(eqdf2.o)
                              c:/program files (x86)/gnu tools arm embedded/5.4 2016q2/bin/../lib/gcc/arm-none-eabi/5.4.1/armv6-m\libgcc.a(_arm_cmpdf2.o) (__eqdf2)
c:/program files (x86)/gnu tools arm embedded/5.4 2016q2/bin/../lib/gcc/arm-none-eabi/5.4.1/armv6-m\libgcc.a(gedf2.o)
                              c:/program files (x86)/gnu tools arm embedded/5.4 2016q2/bin/../lib/gcc/arm-none-eabi/5.4.1/armv6-m\libgcc.a(_arm_cmpdf2.o) (__gedf2)
c:/program files (x86)/gnu tools arm embedded/5.4 2016q2/bin/../lib/gcc/arm-none-eabi/5.4.1/armv6-m\libgcc.a(ledf2.o)
                              c:/program files (x86)/gnu tools arm embedded/5.4 2016q2/bin/../lib/gcc/arm-none-eabi/5.4.1/armv6-m\libgcc.a(_arm_cmpdf2.o) (__ledf2)
c:/program files (x86)/gnu tools arm embedded/5.4 2016q2/bin/../lib/gcc/arm-none-eabi/5.4.1/armv6-m\libgcc.a(extendsfdf2.o)
                              ..\obj\main.o (__aeabi_f2d)
c:/program files (x86)/gnu tools arm embedded/5.4 2016q2/bin/../lib/gcc/arm-none-eabi/5.4.1/armv6-m\libgcc.a(_clzsi2.o)
                              c:/program files (x86)/gnu tools arm embedded/5.4 2016q2/bin/../lib/gcc/arm-none-eabi/5.4.1/armv6-m\libgcc.a(divsf3.o) (__clzsi2)
c:/program files (x86)/gnu tools arm embedded/5.4 2016q2/bin/../lib/gcc/arm-none-eabi/5.4.1/../../../../arm-none-eabi/lib/armv6-m\libg.a(lib_a-memcpy-stub.o)
                              ..\obj\NRF24L01.o (memcpy)
c:/program files (x86)/gnu tools arm embedded/5.4 2016q2/bin/../lib/gcc/arm-none-eabi/5.4.1/../../../../arm-none-eabi/lib/armv6-m\libg.a(lib_a-memset.o)
                              ..\obj\Debug.o (memset)
c:/program files (x86)/gnu tools arm embedded/5.4 2016q2/bin/../lib/gcc/arm-none-eabi/5.4.1/../../../../arm-none-eabi/lib/armv6-m\libg.a(lib_a-sprintf.o)
                              ..\obj\Debug.o (sprintf)
c:/program files (x86)/gnu tools arm embedded/5.4 2016q2/bin/../lib/gcc/arm-none-eabi/5.4.1/../../../../arm-none-eabi/lib/armv6-m\libg.a(lib_a-strcat.o)
                              ..\obj\NRF24L01.o (strcat)
c:/program files (x86)/gnu tools arm embedded/5.4 2016q2/bin/../lib/gcc/arm-none-eabi/5.4.1/../../../../arm-none-eabi/lib/armv6-m\libg.a(lib_a-strcpy.o)
                              c:/program files (x86)/gnu tools arm embedded/5.4 2016q2/bin/../lib/gcc/arm-none-eabi/5.4.1/../../../../arm-none-eabi/lib/armv6-m\libg.a(lib_a-strcat.o) (strcpy)
c:/program files (x86)/gnu tools arm embedded/5.4 2016q2/bin/../lib/gcc/arm-none-eabi/5.4.1/../../../../arm-none-eabi/lib/armv6-m\libg.a(lib_a-strlen-stub.o)
[...]
Memory Configuration

Name             Origin             Length             Attributes
rom              0x08000000         0x00020000         xr
ram              0x20000000         0x00004000         xrw
*default*        0x00000000         0xffffffff

Linker script and memory map

                0x20004000                _eram = 0x20004000

.text           0x08000000     0x8a64
 *(.isr_vector)
 .isr_vector    0x08000000       0xc4 ..\obj\startup_stm32f0xx.o
                0x08000000                g_pfnVectors
 *(.text*)
 .text.RCC_GetClocksFreq
                0x080000c4      0x264 ..\obj\stm32f0xx_rcc.o
                0x080000c4                RCC_GetClocksFreq
 .text.RCC_AHBPeriphClockCmd
                0x08000328       0x40 ..\obj\stm32f0xx_rcc.o
                0x08000328                RCC_AHBPeriphClockCmd
 .text.RCC_APB1PeriphClockCmd
                0x08000368       0x40 ..\obj\stm32f0xx_rcc.o
                0x08000368                RCC_APB1PeriphClockCmd
 .text.debugSend
                0x080003a8       0x74 ..\obj\Debug.o
                0x080003a8                debugSend
 .text.USART1_IRQHandler
                0x0800041c       0x48 ..\obj\Debug.o
                0x0800041c                USART1_IRQHandler
 .text._printfLngU
                0x08000464       0x44 ..\obj\Debug.o
                0x08000464                _printfLngU
 .text.Initial_SPI
                0x080004a8      0x124 ..\obj\NRF24L01.o
 .text.SPI_Send_byte
                0x080005cc       0x4c ..\obj\NRF24L01.o
 .text.SPI_Receive_byte
                0x08000618       0x50 ..\obj\NRF24L01.o
 .text.delay1us
                0x08000668       0x28 ..\obj\NRF24L01.o
 .text.SPI_RW_Reg
                0x08000690       0x60 ..\obj\NRF24L01.o
                0x08000690                SPI_RW_Reg
 .text.SPI_Read_Reg
                0x080006f0       0x58 ..\obj\NRF24L01.o
                0x080006f0                SPI_Read_Reg
 .text.SPI_Write_Buf
                0x08000748       0x94 ..\obj\NRF24L01.o
                0x08000748                SPI_Write_Buf
 .text.TX_Mode  0x080007dc       0x90 ..\obj\NRF24L01.o
                0x080007dc                TX_Mode
 .text.nRF24L01_Initial
                0x0800086c       0x74 ..\obj\NRF24L01.o
                0x0800086c                nRF24L01_Initial
 .text.NRF24L01_Send
                0x080008e0       0xc4 ..\obj\NRF24L01.o
                0x080008e0                NRF24L01_Send
 .text.NVIC_SetPriority
                0x080009a4       0xdc ..\obj\main.o
 .text.SysTick_Config
                0x08000a80       0x4c ..\obj\main.o
 .text.SR04_SendPulse
                0x08000acc       0x9c ..\obj\main.o
                0x08000acc                SR04_SendPulse
 .text.EXTI0_1_IRQHandler
                0x08000b68       0x68 ..\obj\main.o
                0x08000b68                EXTI0_1_IRQHandler
 .text.TIM2_IRQHandler
                0x08000bd0       0x48 ..\obj\main.o
                0x08000bd0                TIM2_IRQHandler
 .text.Delay    0x08000c18       0x24 ..\obj\main.o
                0x08000c18                Delay
 .text.TimingDelay_Decrement
                0x08000c3c       0x20 ..\obj\main.o
                0x08000c3c                TimingDelay_Decrement
 .text.intializeLeds
                0x08000c5c       0x4c ..\obj\main.o
                0x08000c5c                intializeLeds
 .text.initializeMotionSensor
                0x08000ca8       0x2c ..\obj\main.o
                0x08000ca8                initializeMotionSensor
 .text.blinkLeds
                0x08000cd4       0x7c ..\obj\main.o
                0x08000cd4                blinkLeds
 .text.resetLeds
                0x08000d50       0x40 ..\obj\main.o
                0x08000d50                resetLeds
 .text.configureHCSRO4Sensor
                0x08000d90      0x104 ..\obj\main.o
                0x08000d90                configureHCSRO4Sensor
 .text.main     0x08000e94      0x2ac ..\obj\main.o
                0x08000e94                main
 .text.Reset_Handler
                0x08001140       0x44 ..\obj\startup_stm32f0xx.o
                0x08001140                Reset_Handler
 .text.Default_Handler
                0x08001184        0x2 ..\obj\startup_stm32f0xx.o
                0x08001184                PVD_VDDUSB_LP_IRQHandler
                0x08001184                TIM1_CC_IRQHandler
                0x08001184                ADC1_COMP_IRQHandler
                0x08001184                I2C1_IRQHandler
                0x08001184                RCC_CRS_IRQHandler
                0x08001184                SPI1_IRQHandler
                0x08001184                TIM6_DAC_IRQHandler
                0x08001184                USART3_4_IRQHandler
                0x08001184                EXTI2_3_IRQHandler
                0x08001184                I2C2_IRQHandler
                0x08001184                TIM17_IRQHandler
                0x08001184                CEC_CAN_IRQHandler
                0x08001184                RTC_IRQHandler
                0x08001184                DMA1_Channel4_5_6_7_IRQHandler
                0x08001184                TIM16_IRQHandler
                0x08001184                TIM3_IRQHandler
                0x08001184                EXTI4_15_IRQHandler
                0x08001184                DMA1_Channel1_IRQHandler
                0x08001184                Default_Handler
                0x08001184                TIM14_IRQHandler
                0x08001184                TIM7_IRQHandler
                0x08001184                TIM15_IRQHandler
                0x08001184                SPI2_IRQHandler
                0x08001184                USB_LP_IRQHandler
                0x08001184                TS_IRQHandler
                0x08001184                WWDG_IRQHandler
                0x08001184                DMA1_Channel2_3_IRQHandler
                0x08001184                USART2_IRQHandler
                0x08001184                FLASH_IRQHandler
                0x08001184                TIM1_BRK_UP_TRG_COM_IRQHandler
 *fill*         0x08001186        0x2 
 .text.SPI_Init
                0x08001188      0x108 ..\obj\stm32f0xx_spi.o
                0x08001188                SPI_Init
 .text.SPI_Cmd  0x08001290       0x40 ..\obj\stm32f0xx_spi.o
                0x08001290                SPI_Cmd
 .text.SPI_RxFIFOThresholdConfig
                0x080012d0       0x3c ..\obj\stm32f0xx_spi.o
                0x080012d0                SPI_RxFIFOThresholdConfig
 .text.SPI_SendData8
                0x0800130c       0x2c ..\obj\stm32f0xx_spi.o
                0x0800130c                SPI_SendData8
 .text.SPI_ReceiveData8
                0x08001338       0x24 ..\obj\stm32f0xx_spi.o
                0x08001338                SPI_ReceiveData8
 .text.SPI_I2S_GetFlagStatus
                0x0800135c       0x48 ..\obj\stm32f0xx_spi.o
                0x0800135c                SPI_I2S_GetFlagStatus
 .text.GPIO_Init
                0x080013a4      0x130 ..\obj\stm32f0xx_gpio.o
                0x080013a4                GPIO_Init
 .text.GPIO_ReadInputDataBit
                0x080014d4       0x48 ..\obj\stm32f0xx_gpio.o
                0x080014d4                GPIO_ReadInputDataBit
 .text.GPIO_SetBits
                0x0800151c       0x20 ..\obj\stm32f0xx_gpio.o
                0x0800151c                GPIO_SetBits
 .text.GPIO_ResetBits
                0x0800153c       0x20 ..\obj\stm32f0xx_gpio.o
                0x0800153c                GPIO_ResetBits
 .text.GPIO_PinAFConfig
                0x0800155c       0xa4 ..\obj\stm32f0xx_gpio.o
                0x0800155c                GPIO_PinAFConfig
 .text._sbrk    0x08001600       0x3c ..\obj\syscalls.o
                0x08001600                _sbrk
 .text.USART_SendData
                0x0800163c       0x24 ..\obj\stm32f0xx_usart.o
                0x0800163c                USART_SendData
 .text.USART_ReceiveData
                0x08001660       0x1c ..\obj\stm32f0xx_usart.o
                0x08001660                USART_ReceiveData
 .text.USART_GetFlagStatus
                0x0800167c       0x3c ..\obj\stm32f0xx_usart.o
                0x0800167c                USART_GetFlagStatus
 .text.USART_GetITStatus
                0x080016b8       0xb0 ..\obj\stm32f0xx_usart.o
                0x080016b8                USART_GetITStatus
 .text.TIM_TimeBaseInit
                0x08001768       0xf0 ..\obj\stm32f0xx_tim.o
                0x08001768                TIM_TimeBaseInit
 .text.TIM_SetCounter
                0x08001858       0x18 ..\obj\stm32f0xx_tim.o
                0x08001858                TIM_SetCounter
 .text.TIM_GetCounter
                0x08001870       0x14 ..\obj\stm32f0xx_tim.o
                0x08001870                TIM_GetCounter
 .text.TIM_Cmd  0x08001884       0x40 ..\obj\stm32f0xx_tim.o
                0x08001884                TIM_Cmd
 .text.TIM_ITConfig
                0x080018c4       0x54 ..\obj\stm32f0xx_tim.o
                0x080018c4                TIM_ITConfig
 .text.TIM_GetITStatus
                0x08001918       0x80 ..\obj\stm32f0xx_tim.o
                0x08001918                TIM_GetITStatus
 .text.TIM_ClearITPendingBit
                0x08001998       0x24 ..\obj\stm32f0xx_tim.o
                0x08001998                TIM_ClearITPendingBit
 .text.SystemInit
                0x080019bc       0x8c ..\obj\system_stm32f0xx.o
                0x080019bc                SystemInit
 .text.SetSysClock
                0x08001a48       0x88 ..\obj\system_stm32f0xx.o
 .text.NMI_Handler
                0x08001ad0        0xc ..\obj\stm32f0xx_it.o
                0x08001ad0                NMI_Handler
 .text.HardFault_Handler
                0x08001adc        0x8 ..\obj\stm32f0xx_it.o
                0x08001adc                HardFault_Handler
 .text.SVC_Handler
                0x08001ae4        0xc ..\obj\stm32f0xx_it.o
                0x08001ae4                SVC_Handler
 .text.PendSV_Handler
                0x08001af0        0xc ..\obj\stm32f0xx_it.o
                0x08001af0                PendSV_Handler
 .text.SysTick_Handler
                0x08001afc       0x10 ..\obj\stm32f0xx_it.o
                0x08001afc                SysTick_Handler
 .text.EXTI_Init
                0x08001b0c       0xe0 ..\obj\stm32f0xx_exti.o
                0x08001b0c                EXTI_Init
 .text.EXTI_GetITStatus
                0x08001bec       0x40 ..\obj\stm32f0xx_exti.o
                0x08001bec                EXTI_GetITStatus
 .text.EXTI_ClearITPendingBit
                0x08001c2c       0x1c ..\obj\stm32f0xx_exti.o
                0x08001c2c                EXTI_ClearITPendingBit
 .text.NVIC_Init
                0x08001c48       0xac ..\obj\stm32f0xx_misc.o
                0x08001c48                NVIC_Init
 .text          0x08001cf4      0x114 c:/program files (x86)/gnu tools arm embedded/5.4 2016q2/bin/../lib/gcc/arm-none-eabi/5.4.1/armv6-m\libgcc.a(_udivsi3.o)
                0x08001cf4                __aeabi_uidiv
                0x08001cf4                __udivsi3
                0x08001e00                __aeabi_uidivmod
 .text          0x08001e08        0x4 c:/program files (x86)/gnu tools arm embedded/5.4 2016q2/bin/../lib/gcc/arm-none-eabi/5.4.1/armv6-m\libgcc.a(_dvmd_tls.o)
                0x08001e08                __aeabi_idiv0
                0x08001e08                __aeabi_ldiv0
 .text          0x08001e0c       0x7c c:/program files (x86)/gnu tools arm embedded/5.4 2016q2/bin/../lib/gcc/arm-none-eabi/5.4.1/armv6-m\libgcc.a(_arm_cmpdf2.o)
                0x08001e0c                __aeabi_cdrcmple
                0x08001e1c                __aeabi_cdcmple
                0x08001e1c                __aeabi_cdcmpeq
                0x08001e2c                __aeabi_dcmpeq
                0x08001e38                __aeabi_dcmplt
                0x08001e4c                __aeabi_dcmple
                0x08001e60                __aeabi_dcmpgt
                0x08001e74                __aeabi_dcmpge
 .text          0x08001e88       0x74 c:/program files (x86)/gnu tools arm embedded/5.4 2016q2/bin/../lib/gcc/arm-none-eabi/5.4.1/armv6-m\libgcc.a(_arm_cmpsf2.o)
                0x08001e88                __aeabi_cfrcmple
                0x08001e90                __aeabi_cfcmpeq
                0x08001e90                __aeabi_cfcmple
                0x08001ea0                __aeabi_fcmpeq
                0x08001eac                __aeabi_fcmplt
                0x08001ec0                __aeabi_fcmple
                0x08001ed4                __aeabi_fcmpgt
                0x08001ee8                __aeabi_fcmpge
 .text          0x08001efc      0x234 c:/program files (x86)/gnu tools arm embedded/5.4 2016q2/bin/../lib/gcc/arm-none-eabi/5.4.1/armv6-m\libgcc.a(divsf3.o)
                0x08001efc                __aeabi_fdiv
 .text          0x08002130       0x50 c:/program files (x86)/gnu tools arm embedded/5.4 2016q2/bin/../lib/gcc/arm-none-eabi/5.4.1/armv6-m\libgcc.a(eqsf2.o)
                0x08002130                __eqsf2
                0x08002130                __nesf2
 .text          0x08002180       0x88 c:/program files (x86)/gnu tools arm embedded/5.4 2016q2/bin/../lib/gcc/arm-none-eabi/5.4.1/armv6-m\libgcc.a(gesf2.o)
                0x08002180                __gesf2
                0x08002180                __gtsf2
 .text          0x08002208       0x88 c:/program files (x86)/gnu tools arm embedded/5.4 2016q2/bin/../lib/gcc/arm-none-eabi/5.4.1/armv6-m\libgcc.a(lesf2.o)
                0x08002208                __ltsf2
                0x08002208                __lesf2
 .text          0x08002290      0x228 c:/program files (x86)/gnu tools arm embedded/5.4 2016q2/bin/../lib/gcc/arm-none-eabi/5.4.1/armv6-m\libgcc.a(mulsf3.o)
                0x08002290                __aeabi_fmul
 .text          0x080024b8       0x7c c:/program files (x86)/gnu tools arm embedded/5.4 2016q2/bin/../lib/gcc/arm-none-eabi/5.4.1/armv6-m\libgcc.a(floatunsisf.o)
                0x080024b8                __aeabi_ui2f
 .text          0x08002534       0x80 c:/program files (x86)/gnu tools arm embedded/5.4 2016q2/bin/../lib/gcc/arm-none-eabi/5.4.1/armv6-m\libgcc.a(eqdf2.o)
                0x08002534                __nedf2
                0x08002534                __eqdf2
 .text          0x080025b4       0xc8 c:/program files (x86)/gnu tools arm embedded/5.4 2016q2/bin/../lib/gcc/arm-none-eabi/5.4.1/armv6-m\libgcc.a(gedf2.o)
                0x080025b4                __gedf2
                0x080025b4                __gtdf2
 .text          0x0800267c       0xd4 c:/program files (x86)/gnu tools arm embedded/5.4 2016q2/bin/../lib/gcc/arm-none-eabi/5.4.1/armv6-m\libgcc.a(ledf2.o)
                0x0800267c                __ledf2
                0x0800267c                __ltdf2
 .text          0x08002750       0xa8 c:/program files (x86)/gnu tools arm embedded/5.4 2016q2/bin/../lib/gcc/arm-none-eabi/5.4.1/armv6-m\libgcc.a(extendsfdf2.o)
                0x08002750                __aeabi_f2d
 .text          0x080027f8       0x3c c:/program files (x86)/gnu tools arm embedded/5.4 2016q2/bin/../lib/gcc/arm-none-eabi/5.4.1/armv6-m\libgcc.a(_clzsi2.o)
                0x080027f8                __clzsi2
 .text.memcpy   0x08002834       0x7c c:/program files (x86)/gnu tools arm embedded/5.4 2016q2/bin/../lib/gcc/arm-none-eabi/5.4.1/../../../../arm-none-eabi/lib/armv6-m\libg.a(lib_a-memcpy-stub.o)
                0x08002834                memcpy
 .text.memset   0x080028b0       0x8c c:/program files (x86)/gnu tools arm embedded/5.4 2016q2/bin/../lib/gcc/arm-none-eabi/5.4.1/../../../../arm-none-eabi/lib/armv6-m\libg.a(lib_a-memset.o)
                0x080028b0                memset
 .text.sprintf  0x0800293c       0x44 c:/program files (x86)/gnu tools arm embedded/5.4 2016q2/bin/../lib/gcc/arm-none-eabi/5.4.1/../../../../arm-none-eabi/lib/armv6-m\libg.a(lib_a-sprintf.o)
                0x0800293c                sprintf
 .text.strcat   0x08002980       0x50 c:/program files (x86)/gnu tools arm embedded/5.4 2016q2/bin/../lib/gcc/arm-none-eabi/5.4.1/../../../../arm-none-eabi/lib/armv6-m\libg.a(lib_a-strcat.o)
                0x08002980                strcat
 .text.strcpy   0x080029d0       0x10 c:/program files (x86)/gnu tools arm embedded/5.4 2016q2/bin/../lib/gcc/arm-none-eabi/5.4.1/../../../../arm-none-eabi/lib/armv6-m\libg.a(lib_a-strcpy.o)
                0x080029d0                strcpy
 .text.strlen   0x080029e0       0x68 c:/program files (x86)/gnu tools arm embedded/5.4 2016q2/bin/../lib/gcc/arm-none-eabi/5.4.1/../../../../arm-none-eabi/lib/armv6-m\libg.a(lib_a-strlen-stub.o)
                0x080029e0                strlen
 .text._svfprintf_r
                0x08002a48     0x1820 c:/program files (x86)/gnu tools arm embedded/5.4 2016q2/bin/../lib/gcc/arm-none-eabi/5.4.1/../../../../arm-none-eabi/lib/armv6-m\libg.a(lib_a-svfprintf.o)
                0x08002a48                _svfprintf_r
 .text.quorem   0x08004268      0x150 c:/program files (x86)/gnu tools arm embedded/5.4 2016q2/bin/../lib/gcc/arm-none-eabi/5.4.1/../../../../arm-none-eabi/lib/armv6-m\libg.a(lib_a-dtoa.o)
 .text._dtoa_r  0x080043b8      0xf54 c:/program files (x86)/gnu tools arm embedded/5.4 2016q2/bin/../lib/gcc/arm-none-eabi/5.4.1/../../../../arm-none-eabi/lib/armv6-m\libg.a(lib_a-dtoa.o)
                0x080043b8                _dtoa_r
 .text._localeconv_r
                0x0800530c        0x8 c:/program files (x86)/gnu tools arm embedded/5.4 2016q2/bin/../lib/gcc/arm-none-eabi/5.4.1/../../../../arm-none-eabi/lib/armv6-m\libg.a(lib_a-locale.o)
                0x0800530c                _localeconv_r
 .text._malloc_r
                0x08005314      0x554 c:/program files (x86)/gnu tools arm embedded/5.4 2016q2/bin/../lib/gcc/arm-none-eabi/5.4.1/../../../../arm-none-eabi/lib/armv6-m\libg.a(lib_a-mallocr.o)
                0x08005314                _malloc_r
 .text.memchr   0x08005868       0x90 c:/program files (x86)/gnu tools arm embedded/5.4 2016q2/bin/../lib/gcc/arm-none-eabi/5.4.1/../../../../arm-none-eabi/lib/armv6-m\libg.a(lib_a-memchr-stub.o)
                0x08005868                memchr
 .text.__malloc_lock
                0x080058f8        0x4 c:/program files (x86)/gnu tools arm embedded/5.4 2016q2/bin/../lib/gcc/arm-none-eabi/5.4.1/../../../../arm-none-eabi/lib/armv6-m\libg.a(lib_a-mlock.o)
                0x080058f8                __malloc_lock
 .text.__malloc_unlock
                0x080058fc        0x4 c:/program files (x86)/gnu tools arm embedded/5.4 2016q2/bin/../lib/gcc/arm-none-eabi/5.4.1/../../../../arm-none-eabi/lib/armv6-m\libg.a(lib_a-mlock.o)
                0x080058fc                __malloc_unlock
 .text._Balloc  0x08005900       0x50 c:/program files (x86)/gnu tools arm embedded/5.4 2016q2/bin/../lib/gcc/arm-none-eabi/5.4.1/../../../../arm-none-eabi/lib/armv6-m\libg.a(lib_a-mprec.o)
                0x08005900                _Balloc
 .text._Bfree   0x08005950       0x14 c:/program files (x86)/gnu tools arm embedded/5.4 2016q2/bin/../lib/gcc/arm-none-eabi/5.4.1/../../../../arm-none-eabi/lib/armv6-m\libg.a(lib_a-mprec.o)
                0x08005950                _Bfree
 .text.__multadd
                0x08005964       0x8c c:/program files (x86)/gnu tools arm embedded/5.4 2016q2/bin/../lib/gcc/arm-none-eabi/5.4.1/../../../../arm-none-eabi/lib/armv6-m\libg.a(lib_a-mprec.o)
                0x08005964                __multadd
 .text.__hi0bits
                0x080059f0       0x3c c:/program files (x86)/gnu tools arm embedded/5.4 2016q2/bin/../lib/gcc/arm-none-eabi/5.4.1/../../../../arm-none-eabi/lib/armv6-m\libg.a(lib_a-mprec.o)
                0x080059f0                __hi0bits
 .text.__lo0bits
                0x08005a2c       0x5c c:/program files (x86)/gnu tools arm embedded/5.4 2016q2/bin/../lib/gcc/arm-none-eabi/5.4.1/../../../../arm-none-eabi/lib/armv6-m\libg.a(lib_a-mprec.o)
                0x08005a2c                __lo0bits
 .text.__i2b    0x08005a88       0x14 c:/program files (x86)/gnu tools arm embedded/5.4 2016q2/bin/../lib/gcc/arm-none-eabi/5.4.1/../../../../arm-none-eabi/lib/armv6-m\libg.a(lib_a-mprec.o)
                0x08005a88                __i2b
 .text.__multiply
                0x08005a9c      0x15c c:/program files (x86)/gnu tools arm embedded/5.4 2016q2/bin/../lib/gcc/arm-none-eabi/5.4.1/../../../../arm-none-eabi/lib/armv6-m\libg.a(lib_a-mprec.o)
                0x08005a9c                __multiply
 .text.__pow5mult
                0x08005bf8       0xbc c:/program files (x86)/gnu tools arm embedded/5.4 2016q2/bin/../lib/gcc/arm-none-eabi/5.4.1/../../../../arm-none-eabi/lib/armv6-m\libg.a(lib_a-mprec.o)
                0x08005bf8                __pow5mult
 .text.__lshift
                0x08005cb4       0xc0 c:/program files (x86)/gnu tools arm embedded/5.4 2016q2/bin/../lib/gcc/arm-none-eabi/5.4.1/../../../../arm-none-eabi/lib/armv6-m\libg.a(lib_a-mprec.o)
                0x08005cb4                __lshift
 .text.__mcmp   0x08005d74       0x3c c:/program files (x86)/gnu tools arm embedded/5.4 2016q2/bin/../lib/gcc/arm-none-eabi/5.4.1/../../../../arm-none-eabi/lib/armv6-m\libg.a(lib_a-mprec.o)
                0x08005d74                __mcmp
 .text.__mdiff  0x08005db0      0x11c c:/program files (x86)/gnu tools arm embedded/5.4 2016q2/bin/../lib/gcc/arm-none-eabi/5.4.1/../../../../arm-none-eabi/lib/armv6-m\libg.a(lib_a-mprec.o)
                0x08005db0                __mdiff
 .text.__d2b    0x08005ecc       0xbc c:/program files (x86)/gnu tools arm embedded/5.4 2016q2/bin/../lib/gcc/arm-none-eabi/5.4.1/../../../../arm-none-eabi/lib/armv6-m\libg.a(lib_a-mprec.o)
                0x08005ecc                __d2b
 .text._sbrk_r  0x08005f88       0x24 c:/program files (x86)/gnu tools arm embedded/5.4 2016q2/bin/../lib/gcc/arm-none-eabi/5.4.1/../../../../arm-none-eabi/lib/armv6-m\libg.a(lib_a-sbrkr.o)
                0x08005f88                _sbrk_r
 .text.__ssprint_r
                0x08005fac      0x130 c:/program files (x86)/gnu tools arm embedded/5.4 2016q2/bin/../lib/gcc/arm-none-eabi/5.4.1/../../../../arm-none-eabi/lib/armv6-m\libg.a(lib_a-svfiprintf.o)
                0x08005fac                __ssprint_r
 .text._calloc_r
                0x080060dc       0x60 c:/program files (x86)/gnu tools arm embedded/5.4 2016q2/bin/../lib/gcc/arm-none-eabi/5.4.1/../../../../arm-none-eabi/lib/armv6-m\libg.a(lib_a-callocr.o)
                0x080060dc                _calloc_r
 .text._malloc_trim_r
                0x0800613c       0xa0 c:/program files (x86)/gnu tools arm embedded/5.4 2016q2/bin/../lib/gcc/arm-none-eabi/5.4.1/../../../../arm-none-eabi/lib/armv6-m\libg.a(lib_a-freer.o)
                0x0800613c                _malloc_trim_r
 .text._free_r  0x080061dc      0x1c4 c:/program files (x86)/gnu tools arm embedded/5.4 2016q2/bin/../lib/gcc/arm-none-eabi/5.4.1/../../../../arm-none-eabi/lib/armv6-m\libg.a(lib_a-freer.o)
                0x080061dc                _free_r
 .text.memmove  0x080063a0       0x98 c:/program files (x86)/gnu tools arm embedded/5.4 2016q2/bin/../lib/gcc/arm-none-eabi/5.4.1/../../../../arm-none-eabi/lib/armv6-m\libg.a(lib_a-memmove.o)
                0x080063a0                memmove
 .text._realloc_r
                0x08006438      0x3dc c:/program files (x86)/gnu tools arm embedded/5.4 2016q2/bin/../lib/gcc/arm-none-eabi/5.4.1/../../../../arm-none-eabi/lib/armv6-m\libg.a(lib_a-reallocr.o)
                0x08006438                _realloc_r
 .text          0x08006814      0x1d4 c:/program files (x86)/gnu tools arm embedded/5.4 2016q2/bin/../lib/gcc/arm-none-eabi/5.4.1/armv6-m\libgcc.a(_divsi3.o)
                0x08006814                __divsi3
                0x08006814                __aeabi_idiv
                0x080069e0                __aeabi_idivmod
 .text          0x080069e8       0x40 c:/program files (x86)/gnu tools arm embedded/5.4 2016q2/bin/../lib/gcc/arm-none-eabi/5.4.1/armv6-m\libgcc.a(_aeabi_uldivmod.o)
                0x080069e8                __aeabi_uldivmod
 .text          0x08006a28      0x180 c:/program files (x86)/gnu tools arm embedded/5.4 2016q2/bin/../lib/gcc/arm-none-eabi/5.4.1/armv6-m\libgcc.a(_udivmoddi4.o)
                0x08006a28                __udivmoddi4
 .text          0x08006ba8      0x658 c:/program files (x86)/gnu tools arm embedded/5.4 2016q2/bin/../lib/gcc/arm-none-eabi/5.4.1/armv6-m\libgcc.a(adddf3.o)
                0x08006ba8                __aeabi_dadd
 .text          0x08007200      0x62c c:/program files (x86)/gnu tools arm embedded/5.4 2016q2/bin/../lib/gcc/arm-none-eabi/5.4.1/armv6-m\libgcc.a(divdf3.o)
                0x08007200                __aeabi_ddiv
 .text          0x0800782c      0x4f4 c:/program files (x86)/gnu tools arm embedded/5.4 2016q2/bin/../lib/gcc/arm-none-eabi/5.4.1/armv6-m\libgcc.a(muldf3.o)
                0x0800782c                __aeabi_dmul
 .text          0x08007d20      0x6a8 c:/program files (x86)/gnu tools arm embedded/5.4 2016q2/bin/../lib/gcc/arm-none-eabi/5.4.1/armv6-m\libgcc.a(subdf3.o)
                0x08007d20                __aeabi_dsub
 .text          0x080083c8       0x40 c:/program files (x86)/gnu tools arm embedded/5.4 2016q2/bin/../lib/gcc/arm-none-eabi/5.4.1/armv6-m\libgcc.a(unorddf2.o)
                0x080083c8                __aeabi_dcmpun
 .text          0x08008408       0x6c c:/program files (x86)/gnu tools arm embedded/5.4 2016q2/bin/../lib/gcc/arm-none-eabi/5.4.1/armv6-m\libgcc.a(fixdfsi.o)
                0x08008408                __aeabi_d2iz
 .text          0x08008474       0x84 c:/program files (x86)/gnu tools arm embedded/5.4 2016q2/bin/../lib/gcc/arm-none-eabi/5.4.1/armv6-m\libgcc.a(floatsidf.o)
                0x08008474                __aeabi_i2d
 .text          0x080084f8       0x70 c:/program files (x86)/gnu tools arm embedded/5.4 2016q2/bin/../lib/gcc/arm-none-eabi/5.4.1/armv6-m\libgcc.a(floatunsidf.o)
                0x080084f8                __aeabi_ui2d
 .text          0x08008568       0x18 c:/program files (x86)/gnu tools arm embedded/5.4 2016q2/bin/../lib/gcc/arm-none-eabi/5.4.1/armv6-m\libgcc.a(_clzdi2.o)
                0x08008568                __clzdi2
 *(.init)
 *(.fini)
 *crtbegin.o(.ctors)
 *crtbegin?.o(.ctors)
 *(EXCLUDE_FILE(*crtend.o *crtend?.o) .ctors)
 *(SORT(.ctors.*))
 *(.ctors)
 *crtbegin.o(.dtors)
 *crtbegin?.o(.dtors)
 *(EXCLUDE_FILE(*crtend.o *crtend?.o) .dtors)
 *(SORT(.dtors.*))
 *(.dtors)
 *(.rodata*)
 .rodata        0x08008580        0xf ..\obj\Debug.o
 *fill*         0x0800858f        0x1 
 .rodata        0x08008590       0x8e ..\obj\NRF24L01.o
 *fill*         0x0800861e        0x2 
 .rodata        0x08008620       0x1f ..\obj\main.o
 *fill*         0x0800863f        0x1 
 .rodata        0x08008640       0x80 c:/program files (x86)/gnu tools arm embedded/5.4 2016q2/bin/../lib/gcc/arm-none-eabi/5.4.1/armv6-m\libgcc.a(divsf3.o)
 .rodata        0x080086c0       0x40 c:/program files (x86)/gnu tools arm embedded/5.4 2016q2/bin/../lib/gcc/arm-none-eabi/5.4.1/armv6-m\libgcc.a(mulsf3.o)
 .rodata._svfprintf_r
                0x08008700      0x164 c:/program files (x86)/gnu tools arm embedded/5.4 2016q2/bin/../lib/gcc/arm-none-eabi/5.4.1/../../../../arm-none-eabi/lib/armv6-m\libg.a(lib_a-svfprintf.o)
 .rodata.blanks.7055
                0x08008864       0x10 c:/program files (x86)/gnu tools arm embedded/5.4 2016q2/bin/../lib/gcc/arm-none-eabi/5.4.1/../../../../arm-none-eabi/lib/armv6-m\libg.a(lib_a-svfprintf.o)
 .rodata.str1.4
                0x08008874       0x42 c:/program files (x86)/gnu tools arm embedded/5.4 2016q2/bin/../lib/gcc/arm-none-eabi/5.4.1/../../../../arm-none-eabi/lib/armv6-m\libg.a(lib_a-svfprintf.o)
 *fill*         0x080088b6        0x2 
 .rodata.zeroes.7056
                0x080088b8       0x10 c:/program files (x86)/gnu tools arm embedded/5.4 2016q2/bin/../lib/gcc/arm-none-eabi/5.4.1/../../../../arm-none-eabi/lib/armv6-m\libg.a(lib_a-svfprintf.o)
 .rodata.str1.4
                0x080088c8       0x10 c:/program files (x86)/gnu tools arm embedded/5.4 2016q2/bin/../lib/gcc/arm-none-eabi/5.4.1/../../../../arm-none-eabi/lib/armv6-m\libg.a(lib_a-dtoa.o)
                                 0x12 (size before relaxing)
 .rodata.str1.4
                0x080088d8        0x2 c:/program files (x86)/gnu tools arm embedded/5.4 2016q2/bin/../lib/gcc/arm-none-eabi/5.4.1/../../../../arm-none-eabi/lib/armv6-m\libg.a(lib_a-impure.o)
 *fill*         0x080088da        0x2 
 .rodata.str1.4
                0x080088dc        0xc c:/program files (x86)/gnu tools arm embedded/5.4 2016q2/bin/../lib/gcc/arm-none-eabi/5.4.1/../../../../arm-none-eabi/lib/armv6-m\libg.a(lib_a-locale.o)
                                 0x12 (size before relaxing)
 .rodata.__mprec_tens
                0x080088e8       0xc8 c:/program files (x86)/gnu tools arm embedded/5.4 2016q2/bin/../lib/gcc/arm-none-eabi/5.4.1/../../../../arm-none-eabi/lib/armv6-m\libg.a(lib_a-mprec.o)
                0x080088e8                __mprec_tens
 .rodata.__mprec_bigtens
                0x080089b0       0x28 c:/program files (x86)/gnu tools arm embedded/5.4 2016q2/bin/../lib/gcc/arm-none-eabi/5.4.1/../../../../arm-none-eabi/lib/armv6-m\libg.a(lib_a-mprec.o)
                0x080089b0                __mprec_bigtens
 .rodata.p05.5396
                0x080089d8        0xc c:/program files (x86)/gnu tools arm embedded/5.4 2016q2/bin/../lib/gcc/arm-none-eabi/5.4.1/../../../../arm-none-eabi/lib/armv6-m\libg.a(lib_a-mprec.o)
 .rodata        0x080089e4       0x40 c:/program files (x86)/gnu tools arm embedded/5.4 2016q2/bin/../lib/gcc/arm-none-eabi/5.4.1/armv6-m\libgcc.a(divdf3.o)
 .rodata        0x08008a24       0x40 c:/program files (x86)/gnu tools arm embedded/5.4 2016q2/bin/../lib/gcc/arm-none-eabi/5.4.1/armv6-m\libgcc.a(muldf3.o)
 *(.eh_fram e*)

.glue_7         0x08008a64        0x0
 .glue_7        0x08008a64        0x0 linker stubs

.glue_7t        0x08008a64        0x0
 .glue_7t       0x08008a64        0x0 linker stubs

.vfp11_veneer   0x08008a64        0x0
 .vfp11_veneer  0x08008a64        0x0 linker stubs

.v4_bx          0x08008a64        0x0
 .v4_bx         0x08008a64        0x0 linker stubs

.iplt           0x08008a64        0x0
 .iplt          0x08008a64        0x0 ..\obj\stm32f0xx_rcc.o

.ARM.extab
 *(.ARM.extab* .gnu.linkonce.armextab.*)
                0x08008a64                __exidx_start = .

.ARM.exidx      0x08008a64        0x8
 *(.ARM.exidx* .gnu.linkonce.armexidx.*)
 .ARM.exidx     0x08008a64        0x8 c:/program files (x86)/gnu tools arm embedded/5.4 2016q2/bin/../lib/gcc/arm-none-eabi/5.4.1/armv6-m\libgcc.a(_udivmoddi4.o)
                0x08008a6c                __exidx_end = .
                0x08008a6c                __etext = .
                0x08008a6c                _sidata = __etext

.rel.dyn        0x08008a6c        0x0
 .rel.iplt      0x08008a6c        0x0 ..\obj\stm32f0xx_rcc.o

.data           0x20000000      0x88c load address 0x08008a6c
                0x20000000                __data_start__ = .
                0x20000000                _sdata = __data_start__
 *(vtable)
 *(.data*)
 .data          0x20000000       0x10 ..\obj\stm32f0xx_rcc.o
 .data          0x20000010        0x5 ..\obj\NRF24L01.o
                0x20000010                TX_ADDRESS
 .data          0x20000015        0x1 ..\obj\main.o
                0x20000015                PulseEnded
 *fill*         0x20000016        0x2 
 .data.impure_data
                0x20000018      0x428 c:/program files (x86)/gnu tools arm embedded/5.4 2016q2/bin/../lib/gcc/arm-none-eabi/5.4.1/../../../../arm-none-eabi/lib/armv6-m\libg.a(lib_a-impure.o)
 .data._impure_ptr
                0x20000440        0x4 c:/program files (x86)/gnu tools arm embedded/5.4 2016q2/bin/../lib/gcc/arm-none-eabi/5.4.1/../../../../arm-none-eabi/lib/armv6-m\libg.a(lib_a-impure.o)
                0x20000440                _impure_ptr
 .data.lconv    0x20000444       0x38 c:/program files (x86)/gnu tools arm embedded/5.4 2016q2/bin/../lib/gcc/arm-none-eabi/5.4.1/../../../../arm-none-eabi/lib/armv6-m\libg.a(lib_a-locale.o)
 .data.__malloc_av_
                0x2000047c      0x408 c:/program files (x86)/gnu tools arm embedded/5.4 2016q2/bin/../lib/gcc/arm-none-eabi/5.4.1/../../../../arm-none-eabi/lib/armv6-m\libg.a(lib_a-mallocr.o)
                0x2000047c                __malloc_av_
 .data.__malloc_trim_threshold
                0x20000884        0x4 c:/program files (x86)/gnu tools arm embedded/5.4 2016q2/bin/../lib/gcc/arm-none-eabi/5.4.1/../../../../arm-none-eabi/lib/armv6-m\libg.a(lib_a-mallocr.o)
                0x20000884                __malloc_trim_threshold
 .data.__malloc_sbrk_base
                0x20000888        0x4 c:/program files (x86)/gnu tools arm embedded/5.4 2016q2/bin/../lib/gcc/arm-none-eabi/5.4.1/../../../../arm-none-eabi/lib/armv6-m\libg.a(lib_a-mallocr.o)
                0x20000888                __malloc_sbrk_base
                0x2000088c                . = ALIGN (0x4)
                [!provide]                PROVIDE (__preinit_array_start, .)
 *(.preinit_array)
                [!provide]                PROVIDE (__preinit_array_end, .)
                0x2000088c                . = ALIGN (0x4)
                [!provide]                PROVIDE (__init_array_start, .)
 *(SORT(.init_array.*))
 *(.init_array)
                [!provide]                PROVIDE (__init_array_end, .)
                0x2000088c                . = ALIGN (0x4)
                [!provide]                PROVIDE (__fini_array_start, .)
 *(SORT(.fini_array.*))
 *(.fini_array)
                [!provide]                PROVIDE (__fini_array_end, .)
 *(.jcr*)
                0x2000088c                . = ALIGN (0x4)
                0x2000088c                __data_end__ = .
                0x2000088c                _edata = __data_end__

.igot.plt       0x2000088c        0x0 load address 0x080092f8
 .igot.plt      0x2000088c        0x0 ..\obj\stm32f0xx_rcc.o

.bss            0x2000088c      0x1c0 load address 0x080092f8
                0x2000088c                . = ALIGN (0x4)
                0x2000088c                __bss_start__ = .
                0x2000088c                _sbss = __bss_start__
 *(.bss*)
 .bss           0x2000088c       0x10 ..\obj\main.o
                0x2000088c                InterruptEdge
                0x2000088d                TimerOverflow
                0x20000890                PulseTime
                0x20000894                MSec
 .bss           0x2000089c        0x4 ..\obj\syscalls.o
 .bss.__malloc_max_total_mem
                0x200008a0        0x4 c:/program files (x86)/gnu tools arm embedded/5.4 2016q2/bin/../lib/gcc/arm-none-eabi/5.4.1/../../../../arm-none-eabi/lib/armv6-m\libg.a(lib_a-mallocr.o)
                0x200008a0                __malloc_max_total_mem
 .bss.__malloc_max_sbrked_mem
                0x200008a4        0x4 c:/program files (x86)/gnu tools arm embedded/5.4 2016q2/bin/../lib/gcc/arm-none-eabi/5.4.1/../../../../arm-none-eabi/lib/armv6-m\libg.a(lib_a-mallocr.o)
                0x200008a4                __malloc_max_sbrked_mem
 .bss.__malloc_top_pad
                0x200008a8        0x4 c:/program files (x86)/gnu tools arm embedded/5.4 2016q2/bin/../lib/gcc/arm-none-eabi/5.4.1/../../../../arm-none-eabi/lib/armv6-m\libg.a(lib_a-mallocr.o)
                0x200008a8                __malloc_top_pad
 .bss.__malloc_current_mallinfo
                0x200008ac       0x28 c:/program files (x86)/gnu tools arm embedded/5.4 2016q2/bin/../lib/gcc/arm-none-eabi/5.4.1/../../../../arm-none-eabi/lib/armv6-m\libg.a(lib_a-mallocr.o)
                0x200008ac                __malloc_current_mallinfo
 *(COMMON)
 COMMON         0x200008d4       0xcc ..\obj\Debug.o
                0x200008d4                receivedDebugLen
                0x200008d8                receivedDebug
 COMMON         0x200009a0       0x40 ..\obj\NRF24L01.o
                0x200009a0                RX_BUF
                0x200009c0                TX_BUF
 COMMON         0x200009e0       0x68 ..\obj\main.o
                0x200009e0                N
                0x200009e4                TB
                0x200009f0                G
                0x200009f8                E
                0x20000a00                RCC_Clocks
                0x20000a24                RC
 COMMON         0x20000a48        0x4 c:/program files (x86)/gnu tools arm embedded/5.4 2016q2/bin/../lib/gcc/arm-none-eabi/5.4.1/../../../../arm-none-eabi/lib/armv6-m\libg.a(lib_a-reent.o)
                0x20000a48                errno
                0x20000a4c                . = ALIGN (0x4)
                0x20000a4c                __bss_end__ = .
                0x20000a4c                _ebss = __bss_end__

.heap           0x20000a4c        0x0
                0x20000a4c                __end__ = .
                0x20000a4c                _end = __end__
                0x20000a4c                end = __end__
 *(.heap*)
                0x20000a4c                __HeapLimit = .

.co_stack       0x20000a4c        0x4 load address 0x080094b8
                0x20000a50                . = ALIGN (0x8)
 *fill*         0x20000a4c        0x4 
 *(.co_stack .co_stack.*)
                0x20004000                __StackTop = (ORIGIN (ram) + LENGTH (ram))
                0x20003ffc                __StackLimit = (__StackTop - SIZEOF (.co_stack))
                [!provide]                PROVIDE (__stack, __StackTop)
                0x00000001                ASSERT ((__StackLimit >= __HeapLimit), region ram  overflowed with stack)
LOAD ..\obj\stm32f0xx_rcc.o
LOAD ..\obj\Debug.o
LOAD ..\obj\NRF24L01.o
LOAD ..\obj\main.o
LOAD ..\obj\startup_stm32f0xx.o
LOAD ..\obj\stm32f0xx_spi.o
LOAD ..\obj\stm32f0xx_gpio.o
LOAD ..\obj\syscalls.o
LOAD ..\obj\stm32f0xx_usart.o
LOAD ..\obj\stm32f0xx_tim.o
LOAD ..\obj\system_stm32f0xx.o
LOAD ..\obj\stm32f0xx_it.o
LOAD ..\obj\stm32f0xx_exti.o
LOAD ..\obj\stm32f0xx_misc.o
START GROUP
LOAD c:/program files (x86)/gnu tools arm embedded/5.4 2016q2/bin/../lib/gcc/arm-none-eabi/5.4.1/armv6-m\libgcc.a
LOAD c:/program files (x86)/gnu tools arm embedded/5.4 2016q2/bin/../lib/gcc/arm-none-eabi/5.4.1/../../../../arm-none-eabi/lib/armv6-m\libg.a
LOAD c:/program files (x86)/gnu tools arm embedded/5.4 2016q2/bin/../lib/gcc/arm-none-eabi/5.4.1/../../../../arm-none-eabi/lib/armv6-m\libc.a
END GROUP
OUTPUT(HomeGuard.elf elf32-littlearm)

.debug_info     0x00000000     0x740b
 .debug_info    0x00000000      0xa41 ..\obj\stm32f0xx_rcc.o
 .debug_info    0x00000a41      0x801 ..\obj\Debug.o
 .debug_info    0x00001242      0x831 ..\obj\NRF24L01.o
 .debug_info    0x00001a73      0xf19 ..\obj\main.o
 .debug_info    0x0000298c       0xdb ..\obj\startup_stm32f0xx.o
 .debug_info    0x00002a67      0xaaf ..\obj\stm32f0xx_spi.o
 .debug_info    0x00003516      0x5e7 ..\obj\stm32f0xx_gpio.o
 .debug_info    0x00003afd      0x458 ..\obj\syscalls.o
 .debug_info    0x00003f55      0xe4e ..\obj\stm32f0xx_usart.o
 .debug_info    0x00004da3     0x1c6f ..\obj\stm32f0xx_tim.o
 .debug_info    0x00006a12      0x2aa ..\obj\system_stm32f0xx.o
 .debug_info    0x00006cbc       0xc4 ..\obj\stm32f0xx_it.o
 .debug_info    0x00006d80      0x31d ..\obj\stm32f0xx_exti.o
 .debug_info    0x0000709d      0x36e ..\obj\stm32f0xx_misc.o

.debug_abbrev   0x00000000     0x13e4
 .debug_abbrev  0x00000000      0x1ee ..\obj\stm32f0xx_rcc.o
 .debug_abbrev  0x000001ee      0x1d2 ..\obj\Debug.o
 .debug_abbrev  0x000003c0      0x1fb ..\obj\NRF24L01.o
 .debug_abbrev  0x000005bb      0x2a4 ..\obj\main.o
 .debug_abbrev  0x0000085f       0x12 ..\obj\startup_stm32f0xx.o
 .debug_abbrev  0x00000871      0x1a3 ..\obj\stm32f0xx_spi.o
 .debug_abbrev  0x00000a14      0x19f ..\obj\stm32f0xx_gpio.o
 .debug_abbrev  0x00000bb3       0xe5 ..\obj\syscalls.o
 .debug_abbrev  0x00000c98      0x15e ..\obj\stm32f0xx_usart.o
 .debug_abbrev  0x00000df6      0x1b7 ..\obj\stm32f0xx_tim.o
 .debug_abbrev  0x00000fad      0x104 ..\obj\system_stm32f0xx.o
 .debug_abbrev  0x000010b1       0x58 ..\obj\stm32f0xx_it.o
 .debug_abbrev  0x00001109      0x196 ..\obj\stm32f0xx_exti.o
 .debug_abbrev  0x0000129f      0x145 ..\obj\stm32f0xx_misc.o

.debug_aranges  0x00000000      0xad0
 .debug_aranges
                0x00000000      0x160 ..\obj\stm32f0xx_rcc.o
 .debug_aranges
                0x00000160       0x68 ..\obj\Debug.o
 .debug_aranges
                0x000001c8       0x98 ..\obj\NRF24L01.o
 .debug_aranges
                0x00000260       0xc0 ..\obj\main.o
 .debug_aranges
                0x00000320       0x28 ..\obj\startup_stm32f0xx.o
 .debug_aranges
                0x00000348      0x110 ..\obj\stm32f0xx_spi.o
 .debug_aranges
                0x00000458       0x80 ..\obj\stm32f0xx_gpio.o
 .debug_aranges
                0x000004d8       0x60 ..\obj\syscalls.o
 .debug_aranges
                0x00000538      0x1a0 ..\obj\stm32f0xx_usart.o
 .debug_aranges
                0x000006d8      0x300 ..\obj\stm32f0xx_tim.o
 .debug_aranges
                0x000009d8       0x30 ..\obj\system_stm32f0xx.o
 .debug_aranges
                0x00000a08       0x40 ..\obj\stm32f0xx_it.o
 .debug_aranges
                0x00000a48       0x58 ..\obj\stm32f0xx_exti.o
 .debug_aranges
                0x00000aa0       0x30 ..\obj\stm32f0xx_misc.o

.debug_ranges   0x00000000      0x9f8
 .debug_ranges  0x00000000      0x150 ..\obj\stm32f0xx_rcc.o
 .debug_ranges  0x00000150       0x58 ..\obj\Debug.o
 .debug_ranges  0x000001a8       0x88 ..\obj\NRF24L01.o
 .debug_ranges  0x00000230       0xb0 ..\obj\main.o
 .debug_ranges  0x000002e0       0x20 ..\obj\startup_stm32f0xx.o
 .debug_ranges  0x00000300      0x100 ..\obj\stm32f0xx_spi.o
 .debug_ranges  0x00000400       0x70 ..\obj\stm32f0xx_gpio.o
 .debug_ranges  0x00000470       0x50 ..\obj\syscalls.o
 .debug_ranges  0x000004c0      0x190 ..\obj\stm32f0xx_usart.o
 .debug_ranges  0x00000650      0x2f0 ..\obj\stm32f0xx_tim.o
 .debug_ranges  0x00000940       0x20 ..\obj\system_stm32f0xx.o
 .debug_ranges  0x00000960       0x30 ..\obj\stm32f0xx_it.o
 .debug_ranges  0x00000990       0x48 ..\obj\stm32f0xx_exti.o
 .debug_ranges  0x000009d8       0x20 ..\obj\stm32f0xx_misc.o

.debug_line     0x00000000     0x3647
 .debug_line    0x00000000      0x5b4 ..\obj\stm32f0xx_rcc.o
 .debug_line    0x000005b4      0x31e ..\obj\Debug.o
 .debug_line    0x000008d2      0x3ed ..\obj\NRF24L01.o
 .debug_line    0x00000cbf      0x587 ..\obj\main.o
 .debug_line    0x00001246       0xc3 ..\obj\startup_stm32f0xx.o
 .debug_line    0x00001309      0x4e6 ..\obj\stm32f0xx_spi.o
 .debug_line    0x000017ef      0x35d ..\obj\stm32f0xx_gpio.o
 .debug_line    0x00001b4c      0x207 ..\obj\syscalls.o
 .debug_line    0x00001d53      0x652 ..\obj\stm32f0xx_usart.o
 .debug_line    0x000023a5      0xabb ..\obj\stm32f0xx_tim.o
 .debug_line    0x00002e60      0x1c1 ..\obj\system_stm32f0xx.o
 .debug_line    0x00003021       0xc6 ..\obj\stm32f0xx_it.o
 .debug_line    0x000030e7      0x2be ..\obj\stm32f0xx_exti.o
 .debug_line    0x000033a5      0x2a2 ..\obj\stm32f0xx_misc.o

.debug_str      0x00000000     0x2f5d
 .debug_str     0x00000000      0x6fa ..\obj\stm32f0xx_rcc.o
                                0x798 (size before relaxing)
 .debug_str     0x000006fa      0x4c1 ..\obj\Debug.o
                                0x69d (size before relaxing)
 .debug_str     0x00000bbb      0x3b1 ..\obj\NRF24L01.o
                                0x5ed (size before relaxing)
 .debug_str     0x00000f6c      0x49b ..\obj\main.o
                                0xbd4 (size before relaxing)
 .debug_str     0x00001407      0x3be ..\obj\stm32f0xx_spi.o
                                0x737 (size before relaxing)
 .debug_str     0x000017c5      0x199 ..\obj\stm32f0xx_gpio.o
                                0x4a0 (size before relaxing)
 .debug_str     0x0000195e      0x197 ..\obj\syscalls.o
                                0x364 (size before relaxing)
 .debug_str     0x00001af5      0x668 ..\obj\stm32f0xx_usart.o
                                0x98c (size before relaxing)
 .debug_str     0x0000215d      0xac6 ..\obj\stm32f0xx_tim.o
                                0xdf2 (size before relaxing)
 .debug_str     0x00002c23       0xbd ..\obj\system_stm32f0xx.o
                                0x272 (size before relaxing)
 .debug_str     0x00002ce0       0x96 ..\obj\stm32f0xx_it.o
                                0x19f (size before relaxing)
 .debug_str     0x00002d76      0x116 ..\obj\stm32f0xx_exti.o
                                0x343 (size before relaxing)
 .debug_str     0x00002e8c       0xd1 ..\obj\stm32f0xx_misc.o
                                0x30a (size before relaxing)

.comment        0x00000000       0x6e
 .comment       0x00000000       0x6e ..\obj\stm32f0xx_rcc.o
                                 0x6f (size before relaxing)
 .comment       0x0000006e       0x6f ..\obj\Debug.o
 .comment       0x0000006e       0x6f ..\obj\NRF24L01.o
 .comment       0x0000006e       0x6f ..\obj\main.o
 .comment       0x0000006e       0x6f ..\obj\stm32f0xx_spi.o
 .comment       0x0000006e       0x6f ..\obj\stm32f0xx_gpio.o
 .comment       0x0000006e       0x6f ..\obj\syscalls.o
 .comment       0x0000006e       0x6f ..\obj\stm32f0xx_usart.o
 .comment       0x0000006e       0x6f ..\obj\stm32f0xx_tim.o
 .comment       0x0000006e       0x6f ..\obj\system_stm32f0xx.o
 .comment       0x0000006e       0x6f ..\obj\stm32f0xx_it.o
 .comment       0x0000006e       0x6f ..\obj\stm32f0xx_exti.o
 .comment       0x0000006e       0x6f ..\obj\stm32f0xx_misc.o

.ARM.attributes
                0x00000000       0x2f
 .ARM.attributes
                0x00000000       0x31 ..\obj\stm32f0xx_rcc.o
 .ARM.attributes
                0x00000031       0x31 ..\obj\Debug.o
 .ARM.attributes
                0x00000062       0x31 ..\obj\NRF24L01.o
 .ARM.attributes
                0x00000093       0x31 ..\obj\main.o
 .ARM.attributes
                0x000000c4       0x21 ..\obj\startup_stm32f0xx.o
 .ARM.attributes
                0x000000e5       0x31 ..\obj\stm32f0xx_spi.o
 .ARM.attributes
                0x00000116       0x31 ..\obj\stm32f0xx_gpio.o
 .ARM.attributes
                0x00000147       0x31 ..\obj\syscalls.o
 .ARM.attributes
                0x00000178       0x31 ..\obj\stm32f0xx_usart.o
 .ARM.attributes
                0x000001a9       0x31 ..\obj\stm32f0xx_tim.o
 .ARM.attributes
                0x000001da       0x31 ..\obj\system_stm32f0xx.o
 .ARM.attributes
                0x0000020b       0x31 ..\obj\stm32f0xx_it.o
 .ARM.attributes
                0x0000023c       0x31 ..\obj\stm32f0xx_exti.o
 .ARM.attributes
                0x0000026d       0x31 ..\obj\stm32f0xx_misc.o
 .ARM.attributes
                0x0000029e       0x1e c:/program files (x86)/gnu tools arm embedded/5.4 2016q2/bin/../lib/gcc/arm-none-eabi/5.4.1/armv6-m\libgcc.a(_udivsi3.o)
 .ARM.attributes
                0x000002bc       0x1e c:/program files (x86)/gnu tools arm embedded/5.4 2016q2/bin/../lib/gcc/arm-none-eabi/5.4.1/armv6-m\libgcc.a(_dvmd_tls.o)
 .ARM.attributes
                0x000002da       0x1e c:/program files (x86)/gnu tools arm embedded/5.4 2016q2/bin/../lib/gcc/arm-none-eabi/5.4.1/armv6-m\libgcc.a(_arm_cmpdf2.o)
 .ARM.attributes
                0x000002f8       0x1e c:/program files (x86)/gnu tools arm embedded/5.4 2016q2/bin/../lib/gcc/arm-none-eabi/5.4.1/armv6-m\libgcc.a(_arm_cmpsf2.o)
 .ARM.attributes
                0x00000316       0x2c c:/program files (x86)/gnu tools arm embedded/5.4 2016q2/bin/../lib/gcc/arm-none-eabi/5.4.1/armv6-m\libgcc.a(divsf3.o)
 .ARM.attributes
                0x00000342       0x2c c:/program files (x86)/gnu tools arm embedded/5.4 2016q2/bin/../lib/gcc/arm-none-eabi/5.4.1/armv6-m\libgcc.a(eqsf2.o)
 .ARM.attributes
                0x0000036e       0x2c c:/program files (x86)/gnu tools arm embedded/5.4 2016q2/bin/../lib/gcc/arm-none-eabi/5.4.1/armv6-m\libgcc.a(gesf2.o)
 .ARM.attributes
                0x0000039a       0x2c c:/program files (x86)/gnu tools arm embedded/5.4 2016q2/bin/../lib/gcc/arm-none-eabi/5.4.1/armv6-m\libgcc.a(lesf2.o)
 .ARM.attributes
                0x000003c6       0x2c c:/program files (x86)/gnu tools arm embedded/5.4 2016q2/bin/../lib/gcc/arm-none-eabi/5.4.1/armv6-m\libgcc.a(mulsf3.o)
 .ARM.attributes
                0x000003f2       0x2c c:/program files (x86)/gnu tools arm embedded/5.4 2016q2/bin/../lib/gcc/arm-none-eabi/5.4.1/armv6-m\libgcc.a(floatunsisf.o)
 .ARM.attributes
                0x0000041e       0x2c c:/program files (x86)/gnu tools arm embedded/5.4 2016q2/bin/../lib/gcc/arm-none-eabi/5.4.1/armv6-m\libgcc.a(eqdf2.o)
 .ARM.attributes
                0x0000044a       0x2c c:/program files (x86)/gnu tools arm embedded/5.4 2016q2/bin/../lib/gcc/arm-none-eabi/5.4.1/armv6-m\libgcc.a(gedf2.o)
 .ARM.attributes
                0x00000476       0x2c c:/program files (x86)/gnu tools arm embedded/5.4 2016q2/bin/../lib/gcc/arm-none-eabi/5.4.1/armv6-m\libgcc.a(ledf2.o)
 .ARM.attributes
                0x000004a2       0x2c c:/program files (x86)/gnu tools arm embedded/5.4 2016q2/bin/../lib/gcc/arm-none-eabi/5.4.1/armv6-m\libgcc.a(extendsfdf2.o)
 .ARM.attributes
                0x000004ce       0x1e c:/program files (x86)/gnu tools arm embedded/5.4 2016q2/bin/../lib/gcc/arm-none-eabi/5.4.1/armv6-m\libgcc.a(_clzsi2.o)
 .ARM.attributes
                0x000004ec       0x2c c:/program files (x86)/gnu tools arm embedded/5.4 2016q2/bin/../lib/gcc/arm-none-eabi/5.4.1/../../../../arm-none-eabi/lib/armv6-m\libg.a(lib_a-memcpy-stub.o)
 .ARM.attributes
                0x00000518       0x2c c:/program files (x86)/gnu tools arm embedded/5.4 2016q2/bin/../lib/gcc/arm-none-eabi/5.4.1/../../../../arm-none-eabi/lib/armv6-m\libg.a(lib_a-memset.o)
 .ARM.attributes
                0x00000544       0x2c c:/program files (x86)/gnu tools arm embedded/5.4 2016q2/bin/../lib/gcc/arm-none-eabi/5.4.1/../../../../arm-none-eabi/lib/armv6-m\libg.a(lib_a-sprintf.o)
 .ARM.attributes
                0x00000570       0x2c c:/program files (x86)/gnu tools arm embedded/5.4 2016q2/bin/../lib/gcc/arm-none-eabi/5.4.1/../../../../arm-none-eabi/lib/armv6-m\libg.a(lib_a-strcat.o)
 .ARM.attributes
                0x0000059c       0x2c c:/program files (x86)/gnu tools arm embedded/5.4 2016q2/bin/../lib/gcc/arm-none-eabi/5.4.1/../../../../arm-none-eabi/lib/armv6-m\libg.a(lib_a-strcpy.o)
 .ARM.attributes
                0x000005c8       0x2c c:/program files (x86)/gnu tools arm embedded/5.4 2016q2/bin/../lib/gcc/arm-none-eabi/5.4.1/../../../../arm-none-eabi/lib/armv6-m\libg.a(lib_a-strlen-stub.o)
 .ARM.attributes
                0x000005f4       0x2c c:/program files (x86)/gnu tools arm embedded/5.4 2016q2/bin/../lib/gcc/arm-none-eabi/5.4.1/../../../../arm-none-eabi/lib/armv6-m\libg.a(lib_a-svfprintf.o)
 .ARM.attributes
                0x00000620       0x2c c:/program files (x86)/gnu tools arm embedded/5.4 2016q2/bin/../lib/gcc/arm-none-eabi/5.4.1/../../../../arm-none-eabi/lib/armv6-m\libg.a(lib_a-dtoa.o)
 .ARM.attributes
                0x0000064c       0x2c c:/program files (x86)/gnu tools arm embedded/5.4 2016q2/bin/../lib/gcc/arm-none-eabi/5.4.1/../../../../arm-none-eabi/lib/armv6-m\libg.a(lib_a-impure.o)
 .ARM.attributes
                0x00000678       0x2c c:/program files (x86)/gnu tools arm embedded/5.4 2016q2/bin/../lib/gcc/arm-none-eabi/5.4.1/../../../../arm-none-eabi/lib/armv6-m\libg.a(lib_a-locale.o)
 .ARM.attributes
                0x000006a4       0x2c c:/program files (x86)/gnu tools arm embedded/5.4 2016q2/bin/../lib/gcc/arm-none-eabi/5.4.1/../../../../arm-none-eabi/lib/armv6-m\libg.a(lib_a-mallocr.o)
 .ARM.attributes
                0x000006d0       0x2c c:/program files (x86)/gnu tools arm embedded/5.4 2016q2/bin/../lib/gcc/arm-none-eabi/5.4.1/../../../../arm-none-eabi/lib/armv6-m\libg.a(lib_a-memchr-stub.o)
 .ARM.attributes
                0x000006fc       0x2c c:/program files (x86)/gnu tools arm embedded/5.4 2016q2/bin/../lib/gcc/arm-none-eabi/5.4.1/../../../../arm-none-eabi/lib/armv6-m\libg.a(lib_a-mlock.o)
 .ARM.attributes
                0x00000728       0x2c c:/program files (x86)/gnu tools arm embedded/5.4 2016q2/bin/../lib/gcc/arm-none-eabi/5.4.1/../../../../arm-none-eabi/lib/armv6-m\libg.a(lib_a-mprec.o)
 .ARM.attributes
                0x00000754       0x2c c:/program files (x86)/gnu tools arm embedded/5.4 2016q2/bin/../lib/gcc/arm-none-eabi/5.4.1/../../../../arm-none-eabi/lib/armv6-m\libg.a(lib_a-sbrkr.o)
 .ARM.attributes
                0x00000780       0x2c c:/program files (x86)/gnu tools arm embedded/5.4 2016q2/bin/../lib/gcc/arm-none-eabi/5.4.1/../../../../arm-none-eabi/lib/armv6-m\libg.a(lib_a-svfiprintf.o)
 .ARM.attributes
                0x000007ac       0x2c c:/program files (x86)/gnu tools arm embedded/5.4 2016q2/bin/../lib/gcc/arm-none-eabi/5.4.1/../../../../arm-none-eabi/lib/armv6-m\libg.a(lib_a-callocr.o)
 .ARM.attributes
                0x000007d8       0x2c c:/program files (x86)/gnu tools arm embedded/5.4 2016q2/bin/../lib/gcc/arm-none-eabi/5.4.1/../../../../arm-none-eabi/lib/armv6-m\libg.a(lib_a-freer.o)
 .ARM.attributes
                0x00000804       0x2c c:/program files (x86)/gnu tools arm embedded/5.4 2016q2/bin/../lib/gcc/arm-none-eabi/5.4.1/../../../../arm-none-eabi/lib/armv6-m\libg.a(lib_a-memmove.o)
 .ARM.attributes
                0x00000830       0x2c c:/program files (x86)/gnu tools arm embedded/5.4 2016q2/bin/../lib/gcc/arm-none-eabi/5.4.1/../../../../arm-none-eabi/lib/armv6-m\libg.a(lib_a-reallocr.o)
 .ARM.attributes
                0x0000085c       0x2c c:/program files (x86)/gnu tools arm embedded/5.4 2016q2/bin/../lib/gcc/arm-none-eabi/5.4.1/../../../../arm-none-eabi/lib/armv6-m\libg.a(lib_a-reent.o)
 .ARM.attributes
                0x00000888       0x1e c:/program files (x86)/gnu tools arm embedded/5.4 2016q2/bin/../lib/gcc/arm-none-eabi/5.4.1/armv6-m\libgcc.a(_divsi3.o)
 .ARM.attributes
                0x000008a6       0x1e c:/program files (x86)/gnu tools arm embedded/5.4 2016q2/bin/../lib/gcc/arm-none-eabi/5.4.1/armv6-m\libgcc.a(_aeabi_uldivmod.o)
 .ARM.attributes
                0x000008c4       0x2c c:/program files (x86)/gnu tools arm embedded/5.4 2016q2/bin/../lib/gcc/arm-none-eabi/5.4.1/armv6-m\libgcc.a(_udivmoddi4.o)
 .ARM.attributes
                0x000008f0       0x2c c:/program files (x86)/gnu tools arm embedded/5.4 2016q2/bin/../lib/gcc/arm-none-eabi/5.4.1/armv6-m\libgcc.a(adddf3.o)
 .ARM.attributes
                0x0000091c       0x2c c:/program files (x86)/gnu tools arm embedded/5.4 2016q2/bin/../lib/gcc/arm-none-eabi/5.4.1/armv6-m\libgcc.a(divdf3.o)
 .ARM.attributes
                0x00000948       0x2c c:/program files (x86)/gnu tools arm embedded/5.4 2016q2/bin/../lib/gcc/arm-none-eabi/5.4.1/armv6-m\libgcc.a(muldf3.o)
 .ARM.attributes
                0x00000974       0x2c c:/program files (x86)/gnu tools arm embedded/5.4 2016q2/bin/../lib/gcc/arm-none-eabi/5.4.1/armv6-m\libgcc.a(subdf3.o)
 .ARM.attributes
                0x000009a0       0x2c c:/program files (x86)/gnu tools arm embedded/5.4 2016q2/bin/../lib/gcc/arm-none-eabi/5.4.1/armv6-m\libgcc.a(unorddf2.o)
 .ARM.attributes
                0x000009cc       0x2c c:/program files (x86)/gnu tools arm embedded/5.4 2016q2/bin/../lib/gcc/arm-none-eabi/5.4.1/armv6-m\libgcc.a(fixdfsi.o)
 .ARM.attributes
                0x000009f8       0x2c c:/program files (x86)/gnu tools arm embedded/5.4 2016q2/bin/../lib/gcc/arm-none-eabi/5.4.1/armv6-m\libgcc.a(floatsidf.o)
 .ARM.attributes
                0x00000a24       0x2c c:/program files (x86)/gnu tools arm embedded/5.4 2016q2/bin/../lib/gcc/arm-none-eabi/5.4.1/armv6-m\libgcc.a(floatunsidf.o)
 .ARM.attributes
                0x00000a50       0x1e c:/program files (x86)/gnu tools arm embedded/5.4 2016q2/bin/../lib/gcc/arm-none-eabi/5.4.1/armv6-m\libgcc.a(_clzdi2.o)

.debug_frame    0x00000000     0x3150
 .debug_frame   0x00000000      0x524 ..\obj\stm32f0xx_rcc.o
 .debug_frame   0x00000524      0x14c ..\obj\Debug.o
 .debug_frame   0x00000670      0x208 ..\obj\NRF24L01.o
 .debug_frame   0x00000878      0x280 ..\obj\main.o
 .debug_frame   0x00000af8      0x3f0 ..\obj\stm32f0xx_spi.o
 .debug_frame   0x00000ee8      0x1b0 ..\obj\stm32f0xx_gpio.o
 .debug_frame   0x00001098      0x12c ..\obj\syscalls.o
 .debug_frame   0x000011c4      0x630 ..\obj\stm32f0xx_usart.o
 .debug_frame   0x000017f4      0xbb0 ..\obj\stm32f0xx_tim.o
 .debug_frame   0x000023a4       0x68 ..\obj\system_stm32f0xx.o
 .debug_frame   0x0000240c       0x9c ..\obj\stm32f0xx_it.o
 .debug_frame   0x000024a8      0x10c ..\obj\stm32f0xx_exti.o
 .debug_frame   0x000025b4       0x70 ..\obj\stm32f0xx_misc.o
 .debug_frame   0x00002624       0x20 c:/program files (x86)/gnu tools arm embedded/5.4 2016q2/bin/../lib/gcc/arm-none-eabi/5.4.1/armv6-m\libgcc.a(_udivsi3.o)
 .debug_frame   0x00002644       0x3c c:/program files (x86)/gnu tools arm embedded/5.4 2016q2/bin/../lib/gcc/arm-none-eabi/5.4.1/armv6-m\libgcc.a(divsf3.o)
 .debug_frame   0x00002680       0x2c c:/program files (x86)/gnu tools arm embedded/5.4 2016q2/bin/../lib/gcc/arm-none-eabi/5.4.1/armv6-m\libgcc.a(eqsf2.o)
 .debug_frame   0x000026ac       0x30 c:/program files (x86)/gnu tools arm embedded/5.4 2016q2/bin/../lib/gcc/arm-none-eabi/5.4.1/armv6-m\libgcc.a(gesf2.o)
 .debug_frame   0x000026dc       0x30 c:/program files (x86)/gnu tools arm embedded/5.4 2016q2/bin/../lib/gcc/arm-none-eabi/5.4.1/armv6-m\libgcc.a(lesf2.o)
 .debug_frame   0x0000270c       0x38 c:/program files (x86)/gnu tools arm embedded/5.4 2016q2/bin/../lib/gcc/arm-none-eabi/5.4.1/armv6-m\libgcc.a(mulsf3.o)
 .debug_frame   0x00002744       0x2c c:/program files (x86)/gnu tools arm embedded/5.4 2016q2/bin/../lib/gcc/arm-none-eabi/5.4.1/armv6-m\libgcc.a(floatunsisf.o)
 .debug_frame   0x00002770       0x38 c:/program files (x86)/gnu tools arm embedded/5.4 2016q2/bin/../lib/gcc/arm-none-eabi/5.4.1/armv6-m\libgcc.a(eqdf2.o)
 .debug_frame   0x000027a8       0x38 c:/program files (x86)/gnu tools arm embedded/5.4 2016q2/bin/../lib/gcc/arm-none-eabi/5.4.1/armv6-m\libgcc.a(gedf2.o)
 .debug_frame   0x000027e0       0x38 c:/program files (x86)/gnu tools arm embedded/5.4 2016q2/bin/../lib/gcc/arm-none-eabi/5.4.1/armv6-m\libgcc.a(ledf2.o)
 .debug_frame   0x00002818       0x2c c:/program files (x86)/gnu tools arm embedded/5.4 2016q2/bin/../lib/gcc/arm-none-eabi/5.4.1/armv6-m\libgcc.a(extendsfdf2.o)
 .debug_frame   0x00002844       0x2c c:/program files (x86)/gnu tools arm embedded/5.4 2016q2/bin/../lib/gcc/arm-none-eabi/5.4.1/../../../../arm-none-eabi/lib/armv6-m\libg.a(lib_a-memcpy-stub.o)
 .debug_frame   0x00002870       0x2c c:/program files (x86)/gnu tools arm embedded/5.4 2016q2/bin/../lib/gcc/arm-none-eabi/5.4.1/../../../../arm-none-eabi/lib/armv6-m\libg.a(lib_a-memset.o)
 .debug_frame   0x0000289c       0x50 c:/program files (x86)/gnu tools arm embedded/5.4 2016q2/bin/../lib/gcc/arm-none-eabi/5.4.1/../../../../arm-none-eabi/lib/armv6-m\libg.a(lib_a-sprintf.o)
 .debug_frame   0x000028ec       0x2c c:/program files (x86)/gnu tools arm embedded/5.4 2016q2/bin/../lib/gcc/arm-none-eabi/5.4.1/../../../../arm-none-eabi/lib/armv6-m\libg.a(lib_a-strcat.o)
 .debug_frame   0x00002918       0x20 c:/program files (x86)/gnu tools arm embedded/5.4 2016q2/bin/../lib/gcc/arm-none-eabi/5.4.1/../../../../arm-none-eabi/lib/armv6-m\libg.a(lib_a-strcpy.o)
 .debug_frame   0x00002938       0x28 c:/program files (x86)/gnu tools arm embedded/5.4 2016q2/bin/../lib/gcc/arm-none-eabi/5.4.1/../../../../arm-none-eabi/lib/armv6-m\libg.a(lib_a-strlen-stub.o)
 .debug_frame   0x00002960       0x3c c:/program files (x86)/gnu tools arm embedded/5.4 2016q2/bin/../lib/gcc/arm-none-eabi/5.4.1/../../../../arm-none-eabi/lib/armv6-m\libg.a(lib_a-svfprintf.o)
 .debug_frame   0x0000299c       0x68 c:/program files (x86)/gnu tools arm embedded/5.4 2016q2/bin/../lib/gcc/arm-none-eabi/5.4.1/../../../../arm-none-eabi/lib/armv6-m\libg.a(lib_a-dtoa.o)
 .debug_frame   0x00002a04       0xa4 c:/program files (x86)/gnu tools arm embedded/5.4 2016q2/bin/../lib/gcc/arm-none-eabi/5.4.1/../../../../arm-none-eabi/lib/armv6-m\libg.a(lib_a-locale.o)
 .debug_frame   0x00002aa8       0x3c c:/program files (x86)/gnu tools arm embedded/5.4 2016q2/bin/../lib/gcc/arm-none-eabi/5.4.1/../../../../arm-none-eabi/lib/armv6-m\libg.a(lib_a-mallocr.o)
 .debug_frame   0x00002ae4       0x2c c:/program files (x86)/gnu tools arm embedded/5.4 2016q2/bin/../lib/gcc/arm-none-eabi/5.4.1/../../../../arm-none-eabi/lib/armv6-m\libg.a(lib_a-memchr-stub.o)
 .debug_frame   0x00002b10       0x30 c:/program files (x86)/gnu tools arm embedded/5.4 2016q2/bin/../lib/gcc/arm-none-eabi/5.4.1/../../../../arm-none-eabi/lib/armv6-m\libg.a(lib_a-mlock.o)
 .debug_frame   0x00002b40      0x258 c:/program files (x86)/gnu tools arm embedded/5.4 2016q2/bin/../lib/gcc/arm-none-eabi/5.4.1/../../../../arm-none-eabi/lib/armv6-m\libg.a(lib_a-mprec.o)
 .debug_frame   0x00002d98       0x2c c:/program files (x86)/gnu tools arm embedded/5.4 2016q2/bin/../lib/gcc/arm-none-eabi/5.4.1/../../../../arm-none-eabi/lib/armv6-m\libg.a(lib_a-sbrkr.o)
 .debug_frame   0x00002dc4       0x68 c:/program files (x86)/gnu tools arm embedded/5.4 2016q2/bin/../lib/gcc/arm-none-eabi/5.4.1/../../../../arm-none-eabi/lib/armv6-m\libg.a(lib_a-svfiprintf.o)
 .debug_frame   0x00002e2c       0x28 c:/program files (x86)/gnu tools arm embedded/5.4 2016q2/bin/../lib/gcc/arm-none-eabi/5.4.1/../../../../arm-none-eabi/lib/armv6-m\libg.a(lib_a-callocr.o)
 .debug_frame   0x00002e54       0x54 c:/program files (x86)/gnu tools arm embedded/5.4 2016q2/bin/../lib/gcc/arm-none-eabi/5.4.1/../../../../arm-none-eabi/lib/armv6-m\libg.a(lib_a-freer.o)
 .debug_frame   0x00002ea8       0x2c c:/program files (x86)/gnu tools arm embedded/5.4 2016q2/bin/../lib/gcc/arm-none-eabi/5.4.1/../../../../arm-none-eabi/lib/armv6-m\libg.a(lib_a-memmove.o)
 .debug_frame   0x00002ed4       0x3c c:/program files (x86)/gnu tools arm embedded/5.4 2016q2/bin/../lib/gcc/arm-none-eabi/5.4.1/../../../../arm-none-eabi/lib/armv6-m\libg.a(lib_a-reallocr.o)
 .debug_frame   0x00002f10       0x48 c:/program files (x86)/gnu tools arm embedded/5.4 2016q2/bin/../lib/gcc/arm-none-eabi/5.4.1/../../../../arm-none-eabi/lib/armv6-m\libg.a(lib_a-reent.o)
 .debug_frame   0x00002f58       0x20 c:/program files (x86)/gnu tools arm embedded/5.4 2016q2/bin/../lib/gcc/arm-none-eabi/5.4.1/armv6-m\libgcc.a(_divsi3.o)
 .debug_frame   0x00002f78       0x3c c:/program files (x86)/gnu tools arm embedded/5.4 2016q2/bin/../lib/gcc/arm-none-eabi/5.4.1/armv6-m\libgcc.a(_udivmoddi4.o)
 .debug_frame   0x00002fb4       0x3c c:/program files (x86)/gnu tools arm embedded/5.4 2016q2/bin/../lib/gcc/arm-none-eabi/5.4.1/armv6-m\libgcc.a(adddf3.o)
 .debug_frame   0x00002ff0       0x3c c:/program files (x86)/gnu tools arm embedded/5.4 2016q2/bin/../lib/gcc/arm-none-eabi/5.4.1/armv6-m\libgcc.a(divdf3.o)
 .debug_frame   0x0000302c       0x3c c:/program files (x86)/gnu tools arm embedded/5.4 2016q2/bin/../lib/gcc/arm-none-eabi/5.4.1/armv6-m\libgcc.a(muldf3.o)
 .debug_frame   0x00003068       0x38 c:/program files (x86)/gnu tools arm embedded/5.4 2016q2/bin/../lib/gcc/arm-none-eabi/5.4.1/armv6-m\libgcc.a(subdf3.o)
 .debug_frame   0x000030a0       0x2c c:/program files (x86)/gnu tools arm embedded/5.4 2016q2/bin/../lib/gcc/arm-none-eabi/5.4.1/armv6-m\libgcc.a(unorddf2.o)
 .debug_frame   0x000030cc       0x2c c:/program files (x86)/gnu tools arm embedded/5.4 2016q2/bin/../lib/gcc/arm-none-eabi/5.4.1/armv6-m\libgcc.a(fixdfsi.o)
 .debug_frame   0x000030f8       0x2c c:/program files (x86)/gnu tools arm embedded/5.4 2016q2/bin/../lib/gcc/arm-none-eabi/5.4.1/armv6-m\libgcc.a(floatsidf.o)
 .debug_frame   0x00003124       0x2c c:/program files (x86)/gnu tools arm embedded/5.4 2016q2/bin/../lib/gcc/arm-none-eabi/5.4.1/armv6-m\libgcc.a(floatunsidf.o)
